Microchip MPLAB XC8 Compiler V1.35 ()

Linker command line:

--edf=C:\Program Files (x86)\Microchip\xc8\v1.35\dat\en_msgs.txt -cs \
  -h+dist/default/debug\BombFinder.X.debug.sym \
  --cmf=dist/default/debug\BombFinder.X.debug.cmf -z -Q18F4331 \
  -oC:\Users\tr514\AppData\Local\Temp\sb8s.2 \
  -Mdist/default/debug/BombFinder.X.debug.map -E1 -ver=XC8 \
  -ASTACK=080h-02eeh -pstack=STACK -ACODE=00h-01CFFh -ACONST=00h-01CFFh \
  -ASMALLCONST=0300h-03FFhx26 -AMEDIUMCONST=0300h-01CFFh -ACOMRAM=01h-05Fh \
  -AABS1=00h-02EEh -ABIGRAM=01h-02EEh \
  -ARAM=060h-0FFh,0100h-01FFh,0200h-02EEh -ABANK0=060h-0FFh \
  -ABANK1=0100h-01FFh -ABANK2=0200h-02EEh \
  -ASFR=0F60h-0F9Bh,0F9Dh-0FD3h,0FD5h-0FDAh,0FE0h-0FE2h,0FE8h-0FEAh,0FF0h-0FFBh \
  -preset_vec=00h,intcode=08h,intcodelo,powerup,init,end_init \
  -pramtop=0300h -psmallconst=SMALLCONST -pmediumconst=MEDIUMCONST \
  -pconst=CONST -AFARRAM=00h-00h -ACONFIG=0300000h-030000Dh -pconfig=CONFIG \
  -AIDLOC=0200000h-0200007h -pidloc=IDLOC -AEEDATA=0F00000h-0F000FFh \
  -peeprom_data=EEDATA \
  -prdata=COMRAM,nvrram=COMRAM,nvbit=COMRAM,rbss=COMRAM,rbit=COMRAM \
  -pfarbss=FARRAM,fardata=FARRAM,nvFARRAM=FARRAM \
  -pintsave_regs=BIGRAM,bigbss=BIGRAM,bigdata=BIGRAM -pbss=RAM \
  -pidata=CODE,irdata=CODE,ibigdata=CODE,ifardata=CODE -prparam=COMRAM \
  C:\Users\tr514\AppData\Local\Temp\sb8s.obj \
  dist/default/debug\BombFinder.X.debug.obj 

Object code version is 3.11

Machine type is 18F4331

Call graph: (short form)




                Name                               Link     Load   Length Selector   Space Scale
C:\Users\tr514\AppData\Local\Temp\sb8s.obj
                end_init                             A8       A8        4        4       0
                reset_vec                             0        0        6        0       0
                idloc                            200000   200000        8   200000       0
                config                           300000   300000        E   300000       0
dist/default/debug\BombFinder.X.debug.obj
                intcode                               8        8       A0        4       0
                temp                                 3D       3D        1        1       1
                text8                               366      366       B4        4       0
                text7                               52E      52E       38        4       0
                text6                               566      566       32        4       0
                text5                               5BE      5BE       20        4       0
                text4                               4AA      4AA       84        4       0
                text3                               598      598       26        4       0
                text2                               232      232      134        4       0
                text1                               41A      41A       90        4       0
                text0                                AC       AC      186        4       0
                cstackCOMRAM                          1        1       2B        1       1
                cstackBANK0                          60       60       20       60       1
                bssCOMRAM                            2C       2C       11        1       1
                cinit                               5DE      5DE       1A        4       0

TOTAL           Name                               Link     Load   Length     Space
        CLASS   STACK          

        CLASS   CODE           
                end_init                             A8       A8        4         0
                intcode                               8        8       A0         0
                reset_vec                             0        0        6         0
                text8                               366      366       B4         0
                text7                               52E      52E       38         0
                text6                               566      566       32         0
                text5                               5BE      5BE       20         0
                text4                               4AA      4AA       84         0
                text3                               598      598       26         0
                text2                               232      232      134         0
                text1                               41A      41A       90         0
                text0                                AC       AC      186         0
                cinit                               5DE      5DE       1A         0

        CLASS   CONST          

        CLASS   SMALLCONST     

        CLASS   MEDIUMCONST    

        CLASS   COMRAM         
                temp                                 3D       3D        1         1
                cstackCOMRAM                          1        1       2B         1
                bssCOMRAM                            2C       2C       11         1

        CLASS   ABS1           

        CLASS   BIGRAM         

        CLASS   RAM            

        CLASS   BANK0          
                cstackBANK0                          60       60       20         1

        CLASS   BANK1          

        CLASS   BANK2          

        CLASS   SFR            

        CLASS   FARRAM         

        CLASS   CONFIG         
                config                           300000   300000        E         0

        CLASS   IDLOC          
                idloc                            200000   200000        8         0

        CLASS   EEDATA         



SEGMENTS        Name                           Load    Length   Top    Selector   Space  Class

                reset_vec                      000000  000006  000006         0       0  CODE    
                cstackCOMRAM                   000001  00003D  00003E         1       1  COMRAM  
                intcode                        000008  0005F0  0005F8         4       0  CODE    
                cstackBANK0                    000060  000020  000080        60       1  BANK0   
                idloc                          200000  000008  200008    200000       0  IDLOC   
                config                         300000  00000E  30000E    300000       0  CONFIG  


UNUSED ADDRESS RANGES

        Name                Unused          Largest block    Delta
        BANK0            000080-0000FF               80
        BANK1            000100-0001FF              100
        BANK2            000200-0002EE               EF
        BIGRAM           00003E-00005F               22
                         000080-0002EE              26F
        CODE             000006-000007                2
                         0005F8-001CFF             1708
        COMRAM           00003E-00005F               22
        CONST            000006-000007                2
                         0005F8-001CFF             1708
        EEDATA           F00000-F000FF              100
        MEDIUMCONST      0005F8-001CFF             1708
        RAM              000080-0002EE              100
        SFR              000F60-000F9B               3C
                         000F9D-000FD3               37
                         000FD5-000FDA                6
                         000FE0-000FE2                3
                         000FE8-000FEA                3
                         000FF0-000FFB                C
        SMALLCONST       0005F8-001CFF              100
        STACK            000080-0002EE              26F

                                  Symbol Table

?___awdiv                      cstackCOMRAM 000015
?___wmul                       cstackCOMRAM 00000F
VerifySignal@Signal            cstackCOMRAM 00000F
VerifySignal@checksum          cstackCOMRAM 000017
VerifySignal@hexByte           cstackCOMRAM 000018
VerifySignal@i                 cstackCOMRAM 00001A
_ANSEL0bits                    (abs)        000FB8
_BAUDCONbits                   (abs)        000FAA
_CAP1BUFH                      (abs)        000F69
_CAP1BUFL                      (abs)        000F68
_CAP1CON                       (abs)        000F63
_INTCONbits                    (abs)        000FF2
_IPR1bits                      (abs)        000F9F
_InterruptHandlerHigh          intcode      000008
_LATAbits                      (abs)        000F89
_LATB                          (abs)        000F8A
_LATCbits                      (abs)        000F8B
_LATDbits                      (abs)        000F8C
_OSCCON                        (abs)        000FD3
_OSCCONbits                    (abs)        000FD3
_PDC0H                         (abs)        000F78
_PDC0L                         (abs)        000F79
_PDC1H                         (abs)        000F76
_PDC1L                         (abs)        000F77
_PIE1bits                      (abs)        000F9D
_PIR1bits                      (abs)        000F9E
_PTCON0                        (abs)        000F7F
_PTCON1                        (abs)        000F7E
_PTPERH                        (abs)        000F7A
_PTPERL                        (abs)        000F7B
_PWMCON0                       (abs)        000F6F
_PWMCON1                       (abs)        000F6E
_RCONbits                      (abs)        000FD0
_RCREG                         (abs)        000FAE
_RCSTAbits                     (abs)        000FAB
_ReceivedString                bssCOMRAM    00002D
_SPBRG                         (abs)        000FAF
_SPBRGH                        (abs)        000FB0
_T5CON                         (abs)        000FB7
_TRISAbits                     (abs)        000F92
_TRISBbits                     (abs)        000F93
_TRISC                         (abs)        000F94
_TRISCbits                     (abs)        000F94
_TRISDbits                     (abs)        000F95
_TXREG                         (abs)        000FAD
_TXSTAbits                     (abs)        000FAC
_VerifySignal                  text8        000366
__CFG_OSC$IRCIO                (abs)        000000
__CFG_WDTEN$OFF                (abs)        000000
__HRAM                         (abs)        000000
__Habs1                        abs1         000000
__Hbank0                       bank0        000000
__Hbank1                       bank1        000000
__Hbank2                       bank2        000000
__Hbigbss                      bigbss       000000
__Hbigdata                     bigdata      000000
__Hbigram                      bigram       000000
__Hbss                         bss          000000
__HbssCOMRAM                   bssCOMRAM    000000
__Hcinit                       cinit        000000
__Hclrtext                     clrtext      000000
__Hcomram                      comram       000000
__Hconfig                      config       30000E
__Hconst                       const        000000
__HcstackBANK0                 cstackBANK0  000000
__HcstackCOMRAM                cstackCOMRAM 000000
__Hdata                        data         000000
__Heeprom_data                 eeprom_data  000000
__Hend_init                    end_init     0000AC
__Hfarbss                      farbss       000000
__Hfardata                     fardata      000000
__Hibigdata                    ibigdata     000000
__Hidata                       idata        000000
__Hidloc                       idloc        200008
__Hifardata                    ifardata     000000
__Hinit                        init         0000A8
__Hintcode                     intcode      0000A8
__Hintcode_body                intcode_body 000000
__Hintcodelo                   intcodelo    0000A8
__Hintentry                    intentry     000000
__Hintret                      intret       000000
__Hintsave_regs                intsave_regs 000000
__Hirdata                      irdata       000000
__Hmediumconst                 mediumconst  000000
__HnvFARRAM                    nvFARRAM     000000
__Hnvbit                       nvbit        000000
__Hnvrram                      nvrram       000000
__Hparam                       rparam       000000
__Hpowerup                     powerup      0000A8
__Hram                         ram          000000
__Hramtop                      ramtop       000300
__Hrbit                        rbit         000000
__Hrbss                        rbss         000000
__Hrdata                       rdata        000000
__Hreset_vec                   reset_vec    000006
__Hrparam                      rparam       000000
__Hsfr                         sfr          000000
__Hsmallconst                  smallconst   000000
__Hspace_0                     (abs)        30000E
__Hspace_1                     (abs)        000080
__Hspace_2                     (abs)        000000
__Hstack                       stack        000000
__Hstruct                      struct       000000
__Htemp                        temp         00003E
__Htext                        text         000000
__Htext0                       text0        000000
__Htext1                       text1        000000
__Htext2                       text2        000000
__Htext3                       text3        000000
__Htext4                       text4        000000
__Htext5                       text5        000000
__Htext6                       text6        000000
__Htext7                       text7        000000
__Htext8                       text8        000000
__LRAM                         (abs)        000001
__Labs1                        abs1         000000
__Lbank0                       bank0        000000
__Lbank1                       bank1        000000
__Lbank2                       bank2        000000
__Lbigbss                      bigbss       000000
__Lbigdata                     bigdata      000000
__Lbigram                      bigram       000000
__Lbss                         bss          000000
__LbssCOMRAM                   bssCOMRAM    000000
__Lcinit                       cinit        000000
__Lclrtext                     clrtext      000000
__Lcomram                      comram       000000
__Lconfig                      config       300000
__Lconst                       const        000000
__LcstackBANK0                 cstackBANK0  000000
__LcstackCOMRAM                cstackCOMRAM 000000
__Ldata                        data         000000
__Leeprom_data                 eeprom_data  000000
__Lend_init                    end_init     0000A8
__Lfarbss                      farbss       000000
__Lfardata                     fardata      000000
__Libigdata                    ibigdata     000000
__Lidata                       idata        000000
__Lidloc                       idloc        200000
__Lifardata                    ifardata     000000
__Linit                        init         0000A8
__Lintcode                     intcode      000008
__Lintcode_body                intcode_body 000000
__Lintcodelo                   intcodelo    0000A8
__Lintentry                    intentry     000000
__Lintret                      intret       000000
__Lintsave_regs                intsave_regs 000000
__Lirdata                      irdata       000000
__Lmediumconst                 mediumconst  000000
__LnvFARRAM                    nvFARRAM     000000
__Lnvbit                       nvbit        000000
__Lnvrram                      nvrram       000000
__Lparam                       rparam       000000
__Lpowerup                     powerup      0000A8
__Lram                         ram          000000
__Lramtop                      ramtop       000300
__Lrbit                        rbit         000000
__Lrbss                        rbss         000000
__Lrdata                       rdata        000000
__Lreset_vec                   reset_vec    000000
__Lrparam                      rparam       000000
__Lsfr                         sfr          000000
__Lsmallconst                  smallconst   000000
__Lspace_0                     (abs)        000000
__Lspace_1                     (abs)        000000
__Lspace_2                     (abs)        000000
__Lstack                       stack        000000
__Lstruct                      struct       000000
__Ltemp                        temp         00003D
__Ltext                        text         000000
__Ltext0                       text0        000000
__Ltext1                       text1        000000
__Ltext2                       text2        000000
__Ltext3                       text3        000000
__Ltext4                       text4        000000
__Ltext5                       text5        000000
__Ltext6                       text6        000000
__Ltext7                       text7        000000
__Ltext8                       text8        000000
__S0                           (abs)        30000E
__S1                           (abs)        000080
__S2                           (abs)        000000
___awdiv                       text4        0004AA
___awdiv@counter               cstackCOMRAM 000019
___awdiv@dividend              cstackCOMRAM 000015
___awdiv@divisor               cstackCOMRAM 000017
___awdiv@quotient              cstackCOMRAM 00001B
___awdiv@sign                  cstackCOMRAM 00001A
___inthi_sp                    stack        000000
___intlo_sp                    stack        000000
___param_bank                  (abs)        000010
___rparam_used                 (abs)        000001
___sp                          stack        000000
___wmul                        text3        000598
___wmul@multiplicand           cstackCOMRAM 000011
___wmul@multiplier             cstackCOMRAM 00000F
___wmul@product                cstackCOMRAM 000013
__accesstop                    (abs)        000060
__activetblptr                 (abs)        000002
__end_of_InterruptHandlerHigh  intcode      0000A8
__end_of_VerifySignal          text8        00041A
__end_of___awdiv               text4        00052E
__end_of___wmul                text3        0005BE
__end_of__initialization       cinit        0005EA
__end_of_delay_s               text7        000566
__end_of_initMotorPWM          text6        000598
__end_of_initRFID              text5        0005DE
__end_of_main                  text0        000232
__end_of_setMotorPWM           text2        000366
__end_of_stop                  text1        0004AA
__initialization               cinit        0005DE
__mediumconst                  mediumconst  000000
__pbssCOMRAM                   bssCOMRAM    00002C
__pcinit                       cinit        0005DE
__pcstackBANK0                 cstackBANK0  000060
__pcstackCOMRAM                cstackCOMRAM 000001
__pintcode                     intcode      000008
__ptext0                       text0        0000AC
__ptext1                       text1        00041A
__ptext2                       text2        000232
__ptext3                       text3        000598
__ptext4                       text4        0004AA
__ptext5                       text5        0005BE
__ptext6                       text6        000566
__ptext7                       text7        00052E
__ptext8                       text8        000366
__ramtop                       ramtop       000300
__size_of_InterruptHandlerHigh (abs)        000000
__size_of_VerifySignal         (abs)        000000
__size_of___awdiv              (abs)        000000
__size_of___wmul               (abs)        000000
__size_of_delay_s              (abs)        000000
__size_of_initMotorPWM         (abs)        000000
__size_of_initRFID             (abs)        000000
__size_of_main                 (abs)        000000
__size_of_setMotorPWM          (abs)        000000
__size_of_stop                 (abs)        000000
__smallconst                   smallconst   000000
_delay_s                       text7        00052E
_i                             bssCOMRAM    00002C
_initMotorPWM                  text6        000566
_initRFID                      text5        0005BE
_initRFID$1267                 cstackCOMRAM 00000F
_main                          text0        0000AC
_setMotorPWM                   text2        000232
_stop                          text1        00041A
btemp                          temp         00003D
delay_s@i                      cstackCOMRAM 000011
delay_s@seconds                cstackCOMRAM 000010
end_of_initialization          cinit        0005EA
int$flags                      temp         00003D
intlevel0                      text         000000
intlevel1                      text         000000
intlevel2                      text         000000
intlevel3                      text         000000
main@Message                   cstackBANK0  000060
main@i                         cstackBANK0  00006D
main@mode                      cstackBANK0  00006C
main@motorL                    cstackBANK0  00006E
main@motorR                    cstackBANK0  000077
main@test                      cstackBANK0  00006A
setMotorPWM@PWMduty            cstackCOMRAM 000024
setMotorPWM@m                  cstackCOMRAM 00001D
stackhi                        (abs)        0002EE
stacklo                        (abs)        000080
start                          init         0000A8
start_initialization           cinit        0005DE
stop@mL                        cstackCOMRAM 000026
stop@mR                        cstackCOMRAM 000028


FUNCTION INFORMATION:

 *************** function _main *****************
 Defined at:
		line 29 in file "main.c"
 Parameters:    Size  Location     Type
		None
 Auto vars:     Size  Location     Type
  PathTaken     100    0        unsigned char [100]
  Message        10    0[BANK0 ] unsigned char [10]
  motorR          9   23[BANK0 ] struct DC_motor
  motorL          9   14[BANK0 ] struct DC_motor
  SignalStreng    3    0        unsigned char [3]
  test            2   10[BANK0 ] unsigned int 
  i               1   13[BANK0 ] unsigned char 
  mode            1   12[BANK0 ] unsigned char 
 Return value:  Size  Location     Type
		None               void
 Registers used:
		wreg, fsr1l, fsr1h, fsr2l, fsr2h, status,2, status,0, prodl, prodh, cstack
 Tracked objects:
		On entry : 
		On exit  : 
		Unchanged: 
 Data sizes:     COMRAM   BANK0   BANK1   BANK2
      Params:         0       0       0       0
      Locals:         0      32       0       0
      Temps:          2       0       0       0
      Totals:         2      32       0       0
Total ram usage:       34 bytes
 Hardware stack levels required when called:    4
 This function calls:
		_VerifySignal
		_delay_s
		_initMotorPWM
		_initRFID
		_stop
 This function is called by:
		Startup code after reset
 This function uses a non-reentrant model


 *************** function _stop *****************
 Defined at:
		line 67 in file "dc_motor.c"
 Parameters:    Size  Location     Type
  mL              2   37[COMRAM] PTR struct DC_motor
		 -> main@motorL(9), 
  mR              2   39[COMRAM] PTR struct DC_motor
		 -> main@motorR(9), 
 Auto vars:     Size  Location     Type
		None
 Return value:  Size  Location     Type
		None               void
 Registers used:
		wreg, fsr2l, fsr2h, status,2, status,0, prodl, prodh, cstack
 Tracked objects:
		On entry : 
		On exit  : 
		Unchanged: 
 Data sizes:     COMRAM   BANK0   BANK1   BANK2
      Params:         4       0       0       0
      Locals:         0       0       0       0
      Temps:          0       0       0       0
      Totals:         4       0       0       0
Total ram usage:        4 bytes
 Hardware stack levels used:    1
 Hardware stack levels required when called:    3
 This function calls:
		_setMotorPWM
 This function is called by:
		_main
		_ScanIR
 This function uses a non-reentrant model


 *************** function _setMotorPWM *****************
 Defined at:
		line 26 in file "dc_motor.c"
 Parameters:    Size  Location     Type
  m               2   28[COMRAM] PTR struct DC_motor
		 -> main@motorR(9), main@motorL(9), 
 Auto vars:     Size  Location     Type
  PWMduty         2   35[COMRAM] int 
 Return value:  Size  Location     Type
		None               void
 Registers used:
		wreg, fsr2l, fsr2h, status,2, status,0, prodl, prodh, cstack
 Tracked objects:
		On entry : 
		On exit  : 
		Unchanged: 
 Data sizes:     COMRAM   BANK0   BANK1   BANK2
      Params:         2       0       0       0
      Locals:         2       0       0       0
      Temps:          5       0       0       0
      Totals:         9       0       0       0
Total ram usage:        9 bytes
 Hardware stack levels used:    1
 Hardware stack levels required when called:    2
 This function calls:
		___awdiv
		___wmul
 This function is called by:
		_stop
		_setMotorFullSpeed
		_stopMotor
		_fullSpeedAhead
 This function uses a non-reentrant model


 *************** function ___wmul *****************
 Defined at:
		line 15 in file "C:\Program Files (x86)\Microchip\xc8\v1.35\sources\common\Umul16.c"
 Parameters:    Size  Location     Type
  multiplier      2   14[COMRAM] unsigned int 
  multiplicand    2   16[COMRAM] unsigned int 
 Auto vars:     Size  Location     Type
  product         2   18[COMRAM] unsigned int 
 Return value:  Size  Location     Type
                  2   14[COMRAM] unsigned int 
 Registers used:
		wreg, status,2, status,0, prodl, prodh
 Tracked objects:
		On entry : 
		On exit  : 
		Unchanged: 
 Data sizes:     COMRAM   BANK0   BANK1   BANK2
      Params:         4       0       0       0
      Locals:         2       0       0       0
      Temps:          0       0       0       0
      Totals:         6       0       0       0
Total ram usage:        6 bytes
 Hardware stack levels used:    1
 Hardware stack levels required when called:    1
 This function calls:
		Nothing
 This function is called by:
		_setMotorPWM
 This function uses a non-reentrant model


 *************** function ___awdiv *****************
 Defined at:
		line 8 in file "C:\Program Files (x86)\Microchip\xc8\v1.35\sources\common\awdiv.c"
 Parameters:    Size  Location     Type
  dividend        2   20[COMRAM] int 
  divisor         2   22[COMRAM] int 
 Auto vars:     Size  Location     Type
  quotient        2   26[COMRAM] int 
  sign            1   25[COMRAM] unsigned char 
  counter         1   24[COMRAM] unsigned char 
 Return value:  Size  Location     Type
                  2   20[COMRAM] int 
 Registers used:
		wreg, status,2, status,0
 Tracked objects:
		On entry : 
		On exit  : 
		Unchanged: 
 Data sizes:     COMRAM   BANK0   BANK1   BANK2
      Params:         4       0       0       0
      Locals:         4       0       0       0
      Temps:          0       0       0       0
      Totals:         8       0       0       0
Total ram usage:        8 bytes
 Hardware stack levels used:    1
 Hardware stack levels required when called:    1
 This function calls:
		Nothing
 This function is called by:
		_setMotorPWM
 This function uses a non-reentrant model


 *************** function _initRFID *****************
 Defined at:
		line 5 in file "RFID_Reader.c"
 Parameters:    Size  Location     Type
		None
 Auto vars:     Size  Location     Type
		None
 Return value:  Size  Location     Type
		None               void
 Registers used:
		wreg, status,2
 Tracked objects:
		On entry : 
		On exit  : 
		Unchanged: 
 Data sizes:     COMRAM   BANK0   BANK1   BANK2
      Params:         0       0       0       0
      Locals:         1       0       0       0
      Temps:          0       0       0       0
      Totals:         1       0       0       0
Total ram usage:        1 bytes
 Hardware stack levels used:    1
 Hardware stack levels required when called:    1
 This function calls:
		Nothing
 This function is called by:
		_main
 This function uses a non-reentrant model


 *************** function _initMotorPWM *****************
 Defined at:
		line 4 in file "dc_motor.c"
 Parameters:    Size  Location     Type
		None
 Auto vars:     Size  Location     Type
		None
 Return value:  Size  Location     Type
		None               void
 Registers used:
		wreg, status,2
 Tracked objects:
		On entry : 
		On exit  : 
		Unchanged: 
 Data sizes:     COMRAM   BANK0   BANK1   BANK2
      Params:         0       0       0       0
      Locals:         0       0       0       0
      Temps:          0       0       0       0
      Totals:         0       0       0       0
Total ram usage:        0 bytes
 Hardware stack levels used:    1
 Hardware stack levels required when called:    1
 This function calls:
		Nothing
 This function is called by:
		_main
 This function uses a non-reentrant model


 *************** function _delay_s *****************
 Defined at:
		line 10 in file "Movement.c"
 Parameters:    Size  Location     Type
  seconds         1    wreg     unsigned char 
 Auto vars:     Size  Location     Type
  seconds         1   15[COMRAM] unsigned char 
  i               2   16[COMRAM] unsigned int 
 Return value:  Size  Location     Type
		None               void
 Registers used:
		wreg, status,2, status,0, prodl, prodh, cstack
 Tracked objects:
		On entry : 
		On exit  : 
		Unchanged: 
 Data sizes:     COMRAM   BANK0   BANK1   BANK2
      Params:         0       0       0       0
      Locals:         3       0       0       0
      Temps:          1       0       0       0
      Totals:         4       0       0       0
Total ram usage:        4 bytes
 Hardware stack levels used:    1
 Hardware stack levels required when called:    1
 This function calls:
		Nothing
 This function is called by:
		_main
		_ScanIR
		_ScanWithRange
 This function uses a non-reentrant model


 *************** function _VerifySignal *****************
 Defined at:
		line 56 in file "RFID_Reader.c"
 Parameters:    Size  Location     Type
  Signal          2   14[COMRAM] PTR unsigned char 
		 -> ReceivedString(16), 
 Auto vars:     Size  Location     Type
  hexByte         2   23[COMRAM] unsigned int 
  i               1   25[COMRAM] unsigned char 
  checksum        1   22[COMRAM] unsigned char 
 Return value:  Size  Location     Type
                  1    wreg      unsigned char 
 Registers used:
		wreg, fsr2l, fsr2h, status,2, status,0, prodl, prodh
 Tracked objects:
		On entry : 
		On exit  : 
		Unchanged: 
 Data sizes:     COMRAM   BANK0   BANK1   BANK2
      Params:         2       0       0       0
      Locals:         4       0       0       0
      Temps:          6       0       0       0
      Totals:        12       0       0       0
Total ram usage:       12 bytes
 Hardware stack levels used:    1
 Hardware stack levels required when called:    1
 This function calls:
		Nothing
 This function is called by:
		_main
 This function uses a non-reentrant model


 *************** function _InterruptHandlerHigh *****************
 Defined at:
		line 16 in file "main.c"
 Parameters:    Size  Location     Type
		None
 Auto vars:     Size  Location     Type
		None
 Return value:  Size  Location     Type
		None               void
 Registers used:
		wreg, fsr2l, fsr2h, status,2, status,0, prodl, prodh
 Tracked objects:
		On entry : 
		On exit  : 
		Unchanged: 
 Data sizes:     COMRAM   BANK0   BANK1   BANK2
      Params:         0       0       0       0
      Locals:         0       0       0       0
      Temps:         14       0       0       0
      Totals:        14       0       0       0
Total ram usage:       14 bytes
 Hardware stack levels used:    1
 This function calls:
		Nothing
 This function is called by:
		Interrupt level 2
 This function uses a non-reentrant model



MODULE INFORMATION

Module		Function		Class		Link	Load	Size
C:\Program Files (x86)\Microchip\xc8\v1.35\sources\common\awdiv.c
		___awdiv       		CODE           	04AA	0000	133

C:\Program Files (x86)\Microchip\xc8\v1.35\sources\common\awdiv.c estimated size: 133

dc_motor.c
		_stop          		CODE           	041A	0000	145
		_initMotorPWM  		CODE           	0566	0000	51
		_setMotorPWM   		CODE           	0232	0000	309

dc_motor.c estimated size: 505

shared
		__initialization		CODE           	05DE	0000	13

shared estimated size: 13

C:\Program Files (x86)\Microchip\xc8\v1.35\sources\common\Umul16.c
		___wmul        		CODE           	0598	0000	39

C:\Program Files (x86)\Microchip\xc8\v1.35\sources\common\Umul16.c estimated size: 39

RFID_Reader.c
		_VerifySignal  		CODE           	0366	0000	181
		_initRFID      		CODE           	05BE	0000	33

RFID_Reader.c estimated size: 214

main.c
		_main          		CODE           	00AC	0000	391
		_InterruptHandlerHigh		CODE           	0008	0000	161

main.c estimated size: 552

Movement.c
		_delay_s       		CODE           	052E	0000	57

Movement.c estimated size: 57

