Microchip MPLAB XC8 Compiler V1.35 ()

Linker command line:

--edf=C:\Program Files (x86)\Microchip\xc8\v1.35\dat\en_msgs.txt -cs \
  -h+dist/default/debug\BombFinder.X.debug.sym \
  --cmf=dist/default/debug\BombFinder.X.debug.cmf -z -Q18F4331 \
  -oC:\Users\tr514\AppData\Local\Temp\s7h8.2 \
  -Mdist/default/debug/BombFinder.X.debug.map -E1 -ver=XC8 \
  -ASTACK=060h-02eeh -pstack=STACK -ACODE=00h-01CFFh -ACONST=00h-01CFFh \
  -ASMALLCONST=0300h-03FFhx26 -AMEDIUMCONST=0300h-01CFFh -ACOMRAM=01h-05Fh \
  -AABS1=00h-02EEh -ABIGRAM=01h-02EEh \
  -ARAM=060h-0FFh,0100h-01FFh,0200h-02EEh -ABANK0=060h-0FFh \
  -ABANK1=0100h-01FFh -ABANK2=0200h-02EEh \
  -ASFR=0F60h-0F9Bh,0F9Dh-0FD3h,0FD5h-0FDAh,0FE0h-0FE2h,0FE8h-0FEAh,0FF0h-0FFBh \
  -preset_vec=00h,intcode,intcodelo,powerup,init,end_init -pramtop=0300h \
  -psmallconst=SMALLCONST -pmediumconst=MEDIUMCONST -pconst=CONST \
  -AFARRAM=00h-00h -ACONFIG=0300000h-030000Dh -pconfig=CONFIG \
  -AIDLOC=0200000h-0200007h -pidloc=IDLOC -AEEDATA=0F00000h-0F000FFh \
  -peeprom_data=EEDATA \
  -prdata=COMRAM,nvrram=COMRAM,nvbit=COMRAM,rbss=COMRAM,rbit=COMRAM \
  -pfarbss=FARRAM,fardata=FARRAM,nvFARRAM=FARRAM \
  -pintsave_regs=BIGRAM,bigbss=BIGRAM,bigdata=BIGRAM -pbss=RAM \
  -pidata=CODE,irdata=CODE,ibigdata=CODE,ifardata=CODE -prparam=COMRAM \
  C:\Users\tr514\AppData\Local\Temp\s7h8.obj \
  dist/default/debug\BombFinder.X.debug.obj 

Object code version is 3.11

Machine type is 18F4331

Call graph: (short form)




                Name                               Link     Load   Length Selector   Space Scale
C:\Users\tr514\AppData\Local\Temp\s7h8.obj
                end_init                              2        2        4        0       0
                reset_vec                             0        0        2        0       0
                idloc                            200000   200000        8   200000       0
                config                           300000   300000        E   300000       0
dist/default/debug\BombFinder.X.debug.obj
                text10                             18AE     18AE       5C      C57       0
                text9                              197A     197A       84      CBD       0
                text8                              17BC     17BC       26      BDE       0
                text7                              1A8E     1A8E      134      D47       0
                text6                              190A     190A       70      C85       0
                text5                              180C     180C       36      C06       0
                text4                              17E2     17E2       2A      BF1       0
                text3                              19FE     19FE       90      CFF       0
                text2                              1842     1842       36      C21       0
                text1                              1878     1878       36      C3C       0
                text0                              1BC2     1BC2      13E      DE1       0
                cstackCOMRAM                          1        1       32        1       1
                cinit                              17B6     17B6        6      BDB       0

TOTAL           Name                               Link     Load   Length     Space
        CLASS   STACK          

        CLASS   CODE           
                end_init                              2        2        4         0
                reset_vec                             0        0        2         0
                text10                             18AE     18AE       5C         0
                text9                              197A     197A       84         0
                text8                              17BC     17BC       26         0
                text7                              1A8E     1A8E      134         0
                text6                              190A     190A       70         0
                text5                              180C     180C       36         0
                text4                              17E2     17E2       2A         0
                text3                              19FE     19FE       90         0
                text2                              1842     1842       36         0
                text1                              1878     1878       36         0
                text0                              1BC2     1BC2      13E         0
                cinit                              17B6     17B6        6         0

        CLASS   CONST          

        CLASS   SMALLCONST     

        CLASS   MEDIUMCONST    

        CLASS   COMRAM         
                cstackCOMRAM                          1        1       32         1

        CLASS   ABS1           

        CLASS   BIGRAM         

        CLASS   RAM            

        CLASS   BANK0          

        CLASS   BANK1          

        CLASS   BANK2          

        CLASS   SFR            

        CLASS   FARRAM         

        CLASS   CONFIG         
                config                           300000   300000        E         0

        CLASS   IDLOC          
                idloc                            200000   200000        8         0

        CLASS   EEDATA         



SEGMENTS        Name                           Load    Length   Top    Selector   Space  Class

                reset_vec                      000000  000006  000006         0       0  CODE    
                cstackCOMRAM                   000001  000032  000033         1       1  COMRAM  
                cinit                          0017B6  000006  0017BC       BDB       0  CODE    
                text8                          0017BC  000026  0017E2       BDE       0  CODE    
                text4                          0017E2  00002A  00180C       BF1       0  CODE    
                text5                          00180C  000036  001842       C06       0  CODE    
                text2                          001842  000036  001878       C21       0  CODE    
                text1                          001878  000036  0018AE       C3C       0  CODE    
                text10                         0018AE  00005C  00190A       C57       0  CODE    
                text6                          00190A  000070  00197A       C85       0  CODE    
                text9                          00197A  000084  0019FE       CBD       0  CODE    
                text3                          0019FE  000090  001A8E       CFF       0  CODE    
                text7                          001A8E  000134  001BC2       D47       0  CODE    
                text0                          001BC2  00013E  001D00       DE1       0  CODE    
                idloc                          200000  000008  200008    200000       0  IDLOC   
                config                         300000  00000E  30000E    300000       0  CONFIG  


UNUSED ADDRESS RANGES

        Name                Unused          Largest block    Delta
        BANK0            000060-0000FF               A0
        BANK1            000100-0001FF              100
        BANK2            000200-0002EE               EF
        BIGRAM           000033-0002EE              2BC
        CODE             000006-0017B5             17B0
        COMRAM           000033-00005F               2D
        CONST            000006-0017B5             17B0
        EEDATA           F00000-F000FF              100
        MEDIUMCONST      000300-0017B5             14B6
        RAM              000060-0002EE              100
        SFR              000F60-000F9B               3C
                         000F9D-000FD3               37
                         000FD5-000FDA                6
                         000FE0-000FE2                3
                         000FE8-000FEA                3
                         000FF0-000FFB                C
        SMALLCONST       000300-0017B5              100
        STACK            000060-0002EE              28F

                                  Symbol Table

?___awdiv                cstackCOMRAM 000007
?___wmul                 cstackCOMRAM 000001
_ADCON0                  (abs)        000FC2
_ADCON1                  (abs)        000FC1
_ADCON2                  (abs)        000FC0
_ANSEL0bits              (abs)        000FB8
_LATB                    (abs)        000F8A
_OSCCON                  (abs)        000FD3
_OSCCONbits              (abs)        000FD3
_PDC0H                   (abs)        000F78
_PDC0L                   (abs)        000F79
_PDC1H                   (abs)        000F76
_PDC1L                   (abs)        000F77
_PTCON0                  (abs)        000F7F
_PTCON1                  (abs)        000F7E
_PTPERH                  (abs)        000F7A
_PTPERL                  (abs)        000F7B
_PWMCON0                 (abs)        000F6F
_PWMCON1                 (abs)        000F6E
_TRISAbits               (abs)        000F92
_TRISBbits               (abs)        000F93
__CFG_OSC$IRCIO          (abs)        000000
__HRAM                   (abs)        000000
__Habs1                  abs1         000000
__Hbank0                 bank0        000000
__Hbank1                 bank1        000000
__Hbank2                 bank2        000000
__Hbigbss                bigbss       000000
__Hbigdata               bigdata      000000
__Hbigram                bigram       000000
__Hbss                   bss          000000
__Hcinit                 cinit        000000
__Hclrtext               clrtext      000000
__Hcomram                comram       000000
__Hconfig                config       30000E
__Hconst                 const        000000
__HcstackCOMRAM          cstackCOMRAM 000000
__Hdata                  data         000000
__Heeprom_data           eeprom_data  000000
__Hend_init              end_init     000006
__Hfarbss                farbss       000000
__Hfardata               fardata      000000
__Hibigdata              ibigdata     000000
__Hidata                 idata        000000
__Hidloc                 idloc        200008
__Hifardata              ifardata     000000
__Hinit                  init         000002
__Hintcode               intcode      000002
__Hintcode_body          intcode_body 000000
__Hintcodelo             intcodelo    000002
__Hintentry              intentry     000000
__Hintret                intret       000000
__Hintsave_regs          intsave_regs 000000
__Hirdata                irdata       000000
__Hmediumconst           mediumconst  000000
__HnvFARRAM              nvFARRAM     000000
__Hnvbit                 nvbit        000000
__Hnvrram                nvrram       000000
__Hparam                 rparam       000000
__Hpowerup               powerup      000002
__Hram                   ram          000000
__Hramtop                ramtop       000300
__Hrbit                  rbit         000000
__Hrbss                  rbss         000000
__Hrdata                 rdata        000000
__Hreset_vec             reset_vec    000002
__Hrparam                rparam       000000
__Hsfr                   sfr          000000
__Hsmallconst            smallconst   000000
__Hspace_0               (abs)        30000E
__Hspace_1               (abs)        000033
__Hspace_2               (abs)        000000
__Hstack                 stack        000000
__Hstruct                struct       000000
__Htemp                  temp         000000
__Htext                  text         000000
__Htext0                 text0        000000
__Htext1                 text1        000000
__Htext10                text10       000000
__Htext2                 text2        000000
__Htext3                 text3        000000
__Htext4                 text4        000000
__Htext5                 text5        000000
__Htext6                 text6        000000
__Htext7                 text7        000000
__Htext8                 text8        000000
__Htext9                 text9        000000
__LRAM                   (abs)        000001
__Labs1                  abs1         000000
__Lbank0                 bank0        000000
__Lbank1                 bank1        000000
__Lbank2                 bank2        000000
__Lbigbss                bigbss       000000
__Lbigdata               bigdata      000000
__Lbigram                bigram       000000
__Lbss                   bss          000000
__Lcinit                 cinit        000000
__Lclrtext               clrtext      000000
__Lcomram                comram       000000
__Lconfig                config       300000
__Lconst                 const        000000
__LcstackCOMRAM          cstackCOMRAM 000000
__Ldata                  data         000000
__Leeprom_data           eeprom_data  000000
__Lend_init              end_init     000002
__Lfarbss                farbss       000000
__Lfardata               fardata      000000
__Libigdata              ibigdata     000000
__Lidata                 idata        000000
__Lidloc                 idloc        200000
__Lifardata              ifardata     000000
__Linit                  init         000002
__Lintcode               intcode      000002
__Lintcode_body          intcode_body 000000
__Lintcodelo             intcodelo    000002
__Lintentry              intentry     000000
__Lintret                intret       000000
__Lintsave_regs          intsave_regs 000000
__Lirdata                irdata       000000
__Lmediumconst           mediumconst  000000
__LnvFARRAM              nvFARRAM     000000
__Lnvbit                 nvbit        000000
__Lnvrram                nvrram       000000
__Lparam                 rparam       000000
__Lpowerup               powerup      000002
__Lram                   ram          000000
__Lramtop                ramtop       000300
__Lrbit                  rbit         000000
__Lrbss                  rbss         000000
__Lrdata                 rdata        000000
__Lreset_vec             reset_vec    000000
__Lrparam                rparam       000000
__Lsfr                   sfr          000000
__Lsmallconst            smallconst   000000
__Lspace_0               (abs)        000000
__Lspace_1               (abs)        000000
__Lspace_2               (abs)        000000
__Lstack                 stack        000000
__Lstruct                struct       000000
__Ltemp                  temp         000000
__Ltext                  text         000000
__Ltext0                 text0        000000
__Ltext1                 text1        000000
__Ltext10                text10       000000
__Ltext2                 text2        000000
__Ltext3                 text3        000000
__Ltext4                 text4        000000
__Ltext5                 text5        000000
__Ltext6                 text6        000000
__Ltext7                 text7        000000
__Ltext8                 text8        000000
__Ltext9                 text9        000000
__S0                     (abs)        30000E
__S1                     (abs)        000033
__S2                     (abs)        000000
___awdiv                 text9        00197A
___awdiv@counter         cstackCOMRAM 00000B
___awdiv@dividend        cstackCOMRAM 000007
___awdiv@divisor         cstackCOMRAM 000009
___awdiv@quotient        cstackCOMRAM 00000D
___awdiv@sign            cstackCOMRAM 00000C
___inthi_sp              stack        000000
___intlo_sp              stack        000000
___param_bank            (abs)        000010
___rparam_used           (abs)        000001
___sp                    stack        000000
___wmul                  text8        0017BC
___wmul@multiplicand     cstackCOMRAM 000003
___wmul@multiplier       cstackCOMRAM 000001
___wmul@product          cstackCOMRAM 000005
__accesstop              (abs)        000060
__activetblptr           (abs)        000000
__end_of___awdiv         text9        0019FE
__end_of___wmul          text8        0017E2
__end_of__initialization cinit        0017B6
__end_of_delay_s         text10       00190A
__end_of_fullSpeedAhead  text6        00197A
__end_of_fullSpeedBack   text5        001842
__end_of_initPWM         text4        00180C
__end_of_main            text0        001D00
__end_of_setMotorPWM     text7        001BC2
__end_of_stop            text3        001A8E
__end_of_turnLeft        text2        001878
__end_of_turnRight       text1        0018AE
__initialization         cinit        0017B6
__mediumconst            mediumconst  000000
__pcinit                 cinit        0017B6
__pcstackCOMRAM          cstackCOMRAM 000001
__ptext0                 text0        001BC2
__ptext1                 text1        001878
__ptext10                text10       0018AE
__ptext2                 text2        001842
__ptext3                 text3        0019FE
__ptext4                 text4        0017E2
__ptext5                 text5        00180C
__ptext6                 text6        00190A
__ptext7                 text7        001A8E
__ptext8                 text8        0017BC
__ptext9                 text9        00197A
__ramtop                 ramtop       000300
__size_of___awdiv        (abs)        000000
__size_of___wmul         (abs)        000000
__size_of_delay_s        (abs)        000000
__size_of_fullSpeedAhead (abs)        000000
__size_of_fullSpeedBack  (abs)        000000
__size_of_initPWM        (abs)        000000
__size_of_main           (abs)        000000
__size_of_setMotorPWM    (abs)        000000
__size_of_stop           (abs)        000000
__size_of_turnLeft       (abs)        000000
__size_of_turnRight      (abs)        000000
__smallconst             smallconst   000000
_delay_s                 text10       0018AE
_fullSpeedAhead          text6        00190A
_fullSpeedBack           text5        00180C
_initPWM                 text4        0017E2
_main                    text0        001BC2
_setMotorPWM             text7        001A8E
_stop                    text3        0019FE
_turnLeft                text2        001842
_turnRight               text1        001878
delay_s@i                cstackCOMRAM 000004
delay_s@j                cstackCOMRAM 000006
delay_s@seconds          cstackCOMRAM 000003
end_of_initialization    cinit        0017B6
fullSpeedAhead@mL        cstackCOMRAM 000018
fullSpeedAhead@mR        cstackCOMRAM 00001A
fullSpeedBack@mL         cstackCOMRAM 00001D
fullSpeedBack@mR         cstackCOMRAM 00001F
intlevel0                text         000000
intlevel1                text         000000
intlevel2                text         000000
intlevel3                text         000000
main@motorL              cstackCOMRAM 000021
main@motorR              cstackCOMRAM 00002A
setMotorPWM@PWMduty      cstackCOMRAM 000016
setMotorPWM@m            cstackCOMRAM 00000F
stackhi                  (abs)        0002EE
stacklo                  (abs)        000060
start                    init         000002
start_initialization     cinit        0017B6
stop@mL                  cstackCOMRAM 000018
stop@mR                  cstackCOMRAM 00001A
turnLeft@mL              cstackCOMRAM 00001D
turnLeft@mR              cstackCOMRAM 00001F
turnRight@mL             cstackCOMRAM 00001D
turnRight@mR             cstackCOMRAM 00001F


FUNCTION INFORMATION:

 *************** function _main *****************
 Defined at:
		line 20 in file "main.c"
 Parameters:    Size  Location     Type
		None
 Auto vars:     Size  Location     Type
  motorR          9   41[COMRAM] struct DC_motor
  motorL          9   32[COMRAM] struct DC_motor
 Return value:  Size  Location     Type
		None               void
 Registers used:
		wreg, fsr2l, fsr2h, status,2, status,0, prodl, prodh, cstack
 Tracked objects:
		On entry : 
		On exit  : 
		Unchanged: 
 Data sizes:     COMRAM   BANK0   BANK1   BANK2
      Params:         0       0       0       0
      Locals:        18       0       0       0
      Temps:          0       0       0       0
      Totals:        18       0       0       0
Total ram usage:       18 bytes
 Hardware stack levels required when called:    4
 This function calls:
		_delay_s
		_fullSpeedAhead
		_fullSpeedBack
		_initPWM
		_stop
		_turnLeft
		_turnRight
 This function is called by:
		Startup code after reset
 This function uses a non-reentrant model


 *************** function _turnRight *****************
 Defined at:
		line 89 in file "dc_motor.c"
 Parameters:    Size  Location     Type
  mL              2   28[COMRAM] PTR struct DC_motor
		 -> main@motorL(9), 
  mR              2   30[COMRAM] PTR struct DC_motor
		 -> main@motorR(9), 
 Auto vars:     Size  Location     Type
		None
 Return value:  Size  Location     Type
		None               void
 Registers used:
		wreg, fsr2l, fsr2h, status,2, status,0, prodl, prodh, cstack
 Tracked objects:
		On entry : 
		On exit  : 
		Unchanged: 
 Data sizes:     COMRAM   BANK0   BANK1   BANK2
      Params:         4       0       0       0
      Locals:         0       0       0       0
      Temps:          0       0       0       0
      Totals:         4       0       0       0
Total ram usage:        4 bytes
 Hardware stack levels used:    1
 Hardware stack levels required when called:    3
 This function calls:
		_fullSpeedAhead
 This function is called by:
		_main
 This function uses a non-reentrant model


 *************** function _turnLeft *****************
 Defined at:
		line 80 in file "dc_motor.c"
 Parameters:    Size  Location     Type
  mL              2   28[COMRAM] PTR struct DC_motor
		 -> main@motorL(9), 
  mR              2   30[COMRAM] PTR struct DC_motor
		 -> main@motorR(9), 
 Auto vars:     Size  Location     Type
		None
 Return value:  Size  Location     Type
		None               void
 Registers used:
		wreg, fsr2l, fsr2h, status,2, status,0, prodl, prodh, cstack
 Tracked objects:
		On entry : 
		On exit  : 
		Unchanged: 
 Data sizes:     COMRAM   BANK0   BANK1   BANK2
      Params:         4       0       0       0
      Locals:         0       0       0       0
      Temps:          0       0       0       0
      Totals:         4       0       0       0
Total ram usage:        4 bytes
 Hardware stack levels used:    1
 Hardware stack levels required when called:    3
 This function calls:
		_fullSpeedAhead
 This function is called by:
		_main
 This function uses a non-reentrant model


 *************** function _stop *****************
 Defined at:
		line 61 in file "dc_motor.c"
 Parameters:    Size  Location     Type
  mL              2   23[COMRAM] PTR struct DC_motor
		 -> main@motorL(9), 
  mR              2   25[COMRAM] PTR struct DC_motor
		 -> main@motorR(9), 
 Auto vars:     Size  Location     Type
		None
 Return value:  Size  Location     Type
		None               void
 Registers used:
		wreg, fsr2l, fsr2h, status,2, status,0, prodl, prodh, cstack
 Tracked objects:
		On entry : 
		On exit  : 
		Unchanged: 
 Data sizes:     COMRAM   BANK0   BANK1   BANK2
      Params:         4       0       0       0
      Locals:         0       0       0       0
      Temps:          0       0       0       0
      Totals:         4       0       0       0
Total ram usage:        4 bytes
 Hardware stack levels used:    1
 Hardware stack levels required when called:    2
 This function calls:
		_setMotorPWM
 This function is called by:
		_main
 This function uses a non-reentrant model


 *************** function _initPWM *****************
 Defined at:
		line 4 in file "dc_motor.c"
 Parameters:    Size  Location     Type
		None
 Auto vars:     Size  Location     Type
		None
 Return value:  Size  Location     Type
		None               void
 Registers used:
		wreg, status,2
 Tracked objects:
		On entry : 
		On exit  : 
		Unchanged: 
 Data sizes:     COMRAM   BANK0   BANK1   BANK2
      Params:         0       0       0       0
      Locals:         0       0       0       0
      Temps:          0       0       0       0
      Totals:         0       0       0       0
Total ram usage:        0 bytes
 Hardware stack levels used:    1
 This function calls:
		Nothing
 This function is called by:
		_main
 This function uses a non-reentrant model


 *************** function _fullSpeedBack *****************
 Defined at:
		line 115 in file "dc_motor.c"
 Parameters:    Size  Location     Type
  mL              2   28[COMRAM] PTR struct DC_motor
		 -> main@motorL(9), 
  mR              2   30[COMRAM] PTR struct DC_motor
		 -> main@motorR(9), 
 Auto vars:     Size  Location     Type
		None
 Return value:  Size  Location     Type
		None               void
 Registers used:
		wreg, fsr2l, fsr2h, status,2, status,0, prodl, prodh, cstack
 Tracked objects:
		On entry : 
		On exit  : 
		Unchanged: 
 Data sizes:     COMRAM   BANK0   BANK1   BANK2
      Params:         4       0       0       0
      Locals:         0       0       0       0
      Temps:          0       0       0       0
      Totals:         4       0       0       0
Total ram usage:        4 bytes
 Hardware stack levels used:    1
 Hardware stack levels required when called:    3
 This function calls:
		_fullSpeedAhead
 This function is called by:
		_main
 This function uses a non-reentrant model


 *************** function _fullSpeedAhead *****************
 Defined at:
		line 98 in file "dc_motor.c"
 Parameters:    Size  Location     Type
  mL              2   23[COMRAM] PTR struct DC_motor
		 -> main@motorL(9), 
  mR              2   25[COMRAM] PTR struct DC_motor
		 -> main@motorR(9), 
 Auto vars:     Size  Location     Type
		None
 Return value:  Size  Location     Type
		None               void
 Registers used:
		wreg, fsr2l, fsr2h, status,2, status,0, prodl, prodh, cstack
 Tracked objects:
		On entry : 
		On exit  : 
		Unchanged: 
 Data sizes:     COMRAM   BANK0   BANK1   BANK2
      Params:         4       0       0       0
      Locals:         0       0       0       0
      Temps:          1       0       0       0
      Totals:         5       0       0       0
Total ram usage:        5 bytes
 Hardware stack levels used:    1
 Hardware stack levels required when called:    2
 This function calls:
		_setMotorPWM
 This function is called by:
		_main
		_turnLeft
		_turnRight
		_fullSpeedBack
 This function uses a non-reentrant model


 *************** function _setMotorPWM *****************
 Defined at:
		line 20 in file "dc_motor.c"
 Parameters:    Size  Location     Type
  m               2   14[COMRAM] PTR struct DC_motor
		 -> main@motorR(9), main@motorL(9), 
 Auto vars:     Size  Location     Type
  PWMduty         2   21[COMRAM] int 
 Return value:  Size  Location     Type
		None               void
 Registers used:
		wreg, fsr2l, fsr2h, status,2, status,0, prodl, prodh, cstack
 Tracked objects:
		On entry : 
		On exit  : 
		Unchanged: 
 Data sizes:     COMRAM   BANK0   BANK1   BANK2
      Params:         2       0       0       0
      Locals:         2       0       0       0
      Temps:          5       0       0       0
      Totals:         9       0       0       0
Total ram usage:        9 bytes
 Hardware stack levels used:    1
 Hardware stack levels required when called:    1
 This function calls:
		___awdiv
		___wmul
 This function is called by:
		_stop
		_fullSpeedAhead
		_setMotorFullSpeed
		_stopMotor
 This function uses a non-reentrant model


 *************** function ___wmul *****************
 Defined at:
		line 15 in file "C:\Program Files (x86)\Microchip\xc8\v1.35\sources\common\Umul16.c"
 Parameters:    Size  Location     Type
  multiplier      2    0[COMRAM] unsigned int 
  multiplicand    2    2[COMRAM] unsigned int 
 Auto vars:     Size  Location     Type
  product         2    4[COMRAM] unsigned int 
 Return value:  Size  Location     Type
                  2    0[COMRAM] unsigned int 
 Registers used:
		wreg, status,2, status,0, prodl, prodh
 Tracked objects:
		On entry : 
		On exit  : 
		Unchanged: 
 Data sizes:     COMRAM   BANK0   BANK1   BANK2
      Params:         4       0       0       0
      Locals:         2       0       0       0
      Temps:          0       0       0       0
      Totals:         6       0       0       0
Total ram usage:        6 bytes
 Hardware stack levels used:    1
 This function calls:
		Nothing
 This function is called by:
		_setMotorPWM
 This function uses a non-reentrant model


 *************** function ___awdiv *****************
 Defined at:
		line 8 in file "C:\Program Files (x86)\Microchip\xc8\v1.35\sources\common\awdiv.c"
 Parameters:    Size  Location     Type
  dividend        2    6[COMRAM] int 
  divisor         2    8[COMRAM] int 
 Auto vars:     Size  Location     Type
  quotient        2   12[COMRAM] int 
  sign            1   11[COMRAM] unsigned char 
  counter         1   10[COMRAM] unsigned char 
 Return value:  Size  Location     Type
                  2    6[COMRAM] int 
 Registers used:
		wreg, status,2, status,0
 Tracked objects:
		On entry : 
		On exit  : 
		Unchanged: 
 Data sizes:     COMRAM   BANK0   BANK1   BANK2
      Params:         4       0       0       0
      Locals:         4       0       0       0
      Temps:          0       0       0       0
      Totals:         8       0       0       0
Total ram usage:        8 bytes
 Hardware stack levels used:    1
 This function calls:
		Nothing
 This function is called by:
		_setMotorPWM
 This function uses a non-reentrant model


 *************** function _delay_s *****************
 Defined at:
		line 10 in file "main.c"
 Parameters:    Size  Location     Type
  seconds         1    wreg     unsigned char 
 Auto vars:     Size  Location     Type
  seconds         1    2[COMRAM] unsigned char 
  j               2    5[COMRAM] unsigned int 
  i               2    3[COMRAM] unsigned int 
 Return value:  Size  Location     Type
		None               void
 Registers used:
		wreg, status,2, status,0
 Tracked objects:
		On entry : 
		On exit  : 
		Unchanged: 
 Data sizes:     COMRAM   BANK0   BANK1   BANK2
      Params:         0       0       0       0
      Locals:         5       0       0       0
      Temps:          2       0       0       0
      Totals:         7       0       0       0
Total ram usage:        7 bytes
 Hardware stack levels used:    1
 This function calls:
		Nothing
 This function is called by:
		_main
 This function uses a non-reentrant model



MODULE INFORMATION

Module		Function		Class		Link	Load	Size
C:\Program Files (x86)\Microchip\xc8\v1.35\sources\common\awdiv.c
		___awdiv       		CODE           	197A	0000	133

C:\Program Files (x86)\Microchip\xc8\v1.35\sources\common\awdiv.c estimated size: 133

dc_motor.c
		_fullSpeedBack 		CODE           	180C	0000	55
		_fullSpeedAhead		CODE           	190A	0000	113
		_turnLeft      		CODE           	1842	0000	55
		_stop          		CODE           	19FE	0000	145
		_turnRight     		CODE           	1878	0000	55
		_setMotorPWM   		CODE           	1A8E	0000	309
		_initPWM       		CODE           	17E2	0000	43

dc_motor.c estimated size: 775

shared
		__initialization		CODE           	17B6	0000	1

shared estimated size: 1

C:\Program Files (x86)\Microchip\xc8\v1.35\sources\common\Umul16.c
		___wmul        		CODE           	17BC	0000	39

C:\Program Files (x86)\Microchip\xc8\v1.35\sources\common\Umul16.c estimated size: 39

main.c
		_main          		CODE           	1BC2	0000	319
		_delay_s       		CODE           	18AE	0000	93

main.c estimated size: 412

