Microchip MPLAB XC8 Compiler V1.35 ()

Linker command line:

--edf=C:\Program Files (x86)\Microchip\xc8\v1.35\dat\en_msgs.txt -cs \
  -h+dist/default/production\BombFinder.X.production.sym \
  --cmf=dist/default/production\BombFinder.X.production.cmf -z -Q18F4331 \
  -oC:\Users\tr514\AppData\Local\Temp\s6co.2 \
  -Mdist/default/production/BombFinder.X.production.map -E1 -ver=XC8 \
  -ASTACK=07Dh-02ffh -pstack=STACK -ACODE=00h-01FFFh -ACONST=00h-01FFFh \
  -ASMALLCONST=0300h-03FFhx29 -AMEDIUMCONST=0300h-01FFFh -ACOMRAM=01h-05Fh \
  -AABS1=00h-02FFh -ABIGRAM=01h-02FFh -ARAM=060h-0FFh,0100h-01FFhx2 \
  -ABANK0=060h-0FFh -ABANK1=0100h-01FFh -ABANK2=0200h-02FFh \
  -ASFR=0F60h-0FFFh \
  -preset_vec=00h,intcode=08h,intcodelo,powerup,init,end_init \
  -pramtop=0300h -psmallconst=SMALLCONST -pmediumconst=MEDIUMCONST \
  -pconst=CONST -AFARRAM=00h-00h -ACONFIG=0300000h-030000Dh -pconfig=CONFIG \
  -AIDLOC=0200000h-0200007h -pidloc=IDLOC -AEEDATA=0F00000h-0F000FFh \
  -peeprom_data=EEDATA \
  -prdata=COMRAM,nvrram=COMRAM,nvbit=COMRAM,rbss=COMRAM,rbit=COMRAM \
  -pfarbss=FARRAM,fardata=FARRAM,nvFARRAM=FARRAM \
  -pintsave_regs=BIGRAM,bigbss=BIGRAM,bigdata=BIGRAM -pbss=RAM \
  -pidata=CODE,irdata=CODE,ibigdata=CODE,ifardata=CODE -prparam=COMRAM \
  C:\Users\tr514\AppData\Local\Temp\s6co.obj \
  dist/default/production\BombFinder.X.production.obj 

Object code version is 3.11

Machine type is 18F4331

Call graph: (short form)




                Name                               Link     Load   Length Selector   Space Scale
C:\Users\tr514\AppData\Local\Temp\s6co.obj
                end_init                             A8       A8        4        4       0
                reset_vec                             0        0        4        0       0
                idloc                            200000   200000        8   200000       0
                config                           300000   300000        E   300000       0
dist/default/production\BombFinder.X.production.obj
                intcode                               8        8       A0        4       0
                temp                                 42       42        1        1       1
                text11                              408      408       B4        4       0
                text10                              640      640       5C        4       0
                text9                               54C      54C       84        4       0
                text8                               768      768       26        4       0
                text7                               2D4      2D4      134        4       0
                text6                               5D0      5D0       70        4       0
                text5                               708      708       36        4       0
                text4                               73E      73E       2A        4       0
                text3                               4BC      4BC       90        4       0
                text2                               6D2      6D2       36        4       0
                text1                               69C      69C       36        4       0
                text0                                AC       AC      228        4       0
                cstackCOMRAM                          1        1       30        1       1
                cstackBANK0                          60       60       1D       60       1
                bssCOMRAM                            31       31       11        1       1
                cinit                               78E      78E       16        4       0

TOTAL           Name                               Link     Load   Length     Space
        CLASS   STACK          

        CLASS   CODE           
                end_init                             A8       A8        4         0
                intcode                               8        8       A0         0
                reset_vec                             0        0        4         0
                text11                              408      408       B4         0
                text10                              640      640       5C         0
                text9                               54C      54C       84         0
                text8                               768      768       26         0
                text7                               2D4      2D4      134         0
                text6                               5D0      5D0       70         0
                text5                               708      708       36         0
                text4                               73E      73E       2A         0
                text3                               4BC      4BC       90         0
                text2                               6D2      6D2       36         0
                text1                               69C      69C       36         0
                text0                                AC       AC      228         0
                cinit                               78E      78E       16         0

        CLASS   CONST          

        CLASS   SMALLCONST     

        CLASS   MEDIUMCONST    

        CLASS   COMRAM         
                temp                                 42       42        1         1
                cstackCOMRAM                          1        1       30         1
                bssCOMRAM                            31       31       11         1

        CLASS   ABS1           

        CLASS   BIGRAM         

        CLASS   RAM            

        CLASS   BANK0          
                cstackBANK0                          60       60       1D         1

        CLASS   BANK1          

        CLASS   BANK2          

        CLASS   SFR            

        CLASS   FARRAM         

        CLASS   CONFIG         
                config                           300000   300000        E         0

        CLASS   IDLOC          
                idloc                            200000   200000        8         0

        CLASS   EEDATA         



SEGMENTS        Name                           Load    Length   Top    Selector   Space  Class

                reset_vec                      000000  000004  000004         0       0  CODE    
                cstackCOMRAM                   000001  000042  000043         1       1  COMRAM  
                intcode                        000008  00079C  0007A4         4       0  CODE    
                cstackBANK0                    000060  00001D  00007D        60       1  BANK0   
                idloc                          200000  000008  200008    200000       0  IDLOC   
                config                         300000  00000E  30000E    300000       0  CONFIG  


UNUSED ADDRESS RANGES

        Name                Unused          Largest block    Delta
        BANK0            00007D-0000FF               83
        BANK1            000100-0001FF              100
        BANK2            000200-0002FF              100
        BIGRAM           000043-00005F               1D
                         00007D-0002FF              283
        CODE             000004-000007                4
                         0007A4-001FFF             185C
        COMRAM           000043-00005F               1D
        CONST            000004-000007                4
                         0007A4-001FFF             185C
        EEDATA           F00000-F000FF              100
        MEDIUMCONST      0007A4-001FFF             185C
        RAM              00007D-0002FF              100
        SFR              000F60-000FFF               A0
        SMALLCONST       0007A4-001FFF              100
        STACK            00007D-0002FF              283

                                  Symbol Table

?___awdiv                      cstackCOMRAM 000015
?___wmul                       cstackCOMRAM 00000F
VerifySignal@Signal            cstackCOMRAM 00000F
VerifySignal@checksum          cstackCOMRAM 000017
VerifySignal@hexByte           cstackCOMRAM 000018
VerifySignal@i                 cstackCOMRAM 00001A
_ADCON0                        (abs)        000FC2
_ADCON1                        (abs)        000FC1
_ADCON2                        (abs)        000FC0
_ANSEL0bits                    (abs)        000FB8
_BAUDCONbits                   (abs)        000FAA
_INTCONbits                    (abs)        000FF2
_InterruptHandlerHigh          intcode      000008
_LATAbits                      (abs)        000F89
_LATB                          (abs)        000F8A
_LATCbits                      (abs)        000F8B
_LATDbits                      (abs)        000F8C
_OSCCON                        (abs)        000FD3
_OSCCONbits                    (abs)        000FD3
_PDC0H                         (abs)        000F78
_PDC0L                         (abs)        000F79
_PDC1H                         (abs)        000F76
_PDC1L                         (abs)        000F77
_PIE1bits                      (abs)        000F9D
_PIR1bits                      (abs)        000F9E
_PTCON0                        (abs)        000F7F
_PTCON1                        (abs)        000F7E
_PTPERH                        (abs)        000F7A
_PTPERL                        (abs)        000F7B
_PWMCON0                       (abs)        000F6F
_PWMCON1                       (abs)        000F6E
_RCREG                         (abs)        000FAE
_RCSTAbits                     (abs)        000FAB
_ReceivedString                bssCOMRAM    000032
_SPBRG                         (abs)        000FAF
_SPBRGH                        (abs)        000FB0
_TRISAbits                     (abs)        000F92
_TRISBbits                     (abs)        000F93
_TRISC                         (abs)        000F94
_TRISCbits                     (abs)        000F94
_TRISDbits                     (abs)        000F95
_TXREG                         (abs)        000FAD
_TXSTAbits                     (abs)        000FAC
_VerifySignal                  text11       000408
__CFG_OSC$IRCIO                (abs)        000000
__CFG_WDTEN$OFF                (abs)        000000
__HRAM                         (abs)        000000
__Habs1                        abs1         000000
__Hbank0                       bank0        000000
__Hbank1                       bank1        000000
__Hbank2                       bank2        000000
__Hbigbss                      bigbss       000000
__Hbigdata                     bigdata      000000
__Hbigram                      bigram       000000
__Hbss                         bss          000000
__HbssCOMRAM                   bssCOMRAM    000000
__Hcinit                       cinit        000000
__Hclrtext                     clrtext      000000
__Hcomram                      comram       000000
__Hconfig                      config       30000E
__Hconst                       const        000000
__HcstackBANK0                 cstackBANK0  000000
__HcstackCOMRAM                cstackCOMRAM 000000
__Hdata                        data         000000
__Heeprom_data                 eeprom_data  000000
__Hend_init                    end_init     0000AC
__Hfarbss                      farbss       000000
__Hfardata                     fardata      000000
__Hibigdata                    ibigdata     000000
__Hidata                       idata        000000
__Hidloc                       idloc        200008
__Hifardata                    ifardata     000000
__Hinit                        init         0000A8
__Hintcode                     intcode      0000A8
__Hintcode_body                intcode_body 000000
__Hintcodelo                   intcodelo    0000A8
__Hintentry                    intentry     000000
__Hintret                      intret       000000
__Hintsave_regs                intsave_regs 000000
__Hirdata                      irdata       000000
__Hmediumconst                 mediumconst  000000
__HnvFARRAM                    nvFARRAM     000000
__Hnvbit                       nvbit        000000
__Hnvrram                      nvrram       000000
__Hparam                       rparam       000000
__Hpowerup                     powerup      0000A8
__Hram                         ram          000000
__Hramtop                      ramtop       000300
__Hrbit                        rbit         000000
__Hrbss                        rbss         000000
__Hrdata                       rdata        000000
__Hreset_vec                   reset_vec    000004
__Hrparam                      rparam       000000
__Hsfr                         sfr          000000
__Hsmallconst                  smallconst   000000
__Hspace_0                     (abs)        30000E
__Hspace_1                     (abs)        00007D
__Hspace_2                     (abs)        000000
__Hstack                       stack        000000
__Hstruct                      struct       000000
__Htemp                        temp         000043
__Htext                        text         000000
__Htext0                       text0        000000
__Htext1                       text1        000000
__Htext10                      text10       000000
__Htext11                      text11       000000
__Htext2                       text2        000000
__Htext3                       text3        000000
__Htext4                       text4        000000
__Htext5                       text5        000000
__Htext6                       text6        000000
__Htext7                       text7        000000
__Htext8                       text8        000000
__Htext9                       text9        000000
__LRAM                         (abs)        000001
__Labs1                        abs1         000000
__Lbank0                       bank0        000000
__Lbank1                       bank1        000000
__Lbank2                       bank2        000000
__Lbigbss                      bigbss       000000
__Lbigdata                     bigdata      000000
__Lbigram                      bigram       000000
__Lbss                         bss          000000
__LbssCOMRAM                   bssCOMRAM    000000
__Lcinit                       cinit        000000
__Lclrtext                     clrtext      000000
__Lcomram                      comram       000000
__Lconfig                      config       300000
__Lconst                       const        000000
__LcstackBANK0                 cstackBANK0  000000
__LcstackCOMRAM                cstackCOMRAM 000000
__Ldata                        data         000000
__Leeprom_data                 eeprom_data  000000
__Lend_init                    end_init     0000A8
__Lfarbss                      farbss       000000
__Lfardata                     fardata      000000
__Libigdata                    ibigdata     000000
__Lidata                       idata        000000
__Lidloc                       idloc        200000
__Lifardata                    ifardata     000000
__Linit                        init         0000A8
__Lintcode                     intcode      000008
__Lintcode_body                intcode_body 000000
__Lintcodelo                   intcodelo    0000A8
__Lintentry                    intentry     000000
__Lintret                      intret       000000
__Lintsave_regs                intsave_regs 000000
__Lirdata                      irdata       000000
__Lmediumconst                 mediumconst  000000
__LnvFARRAM                    nvFARRAM     000000
__Lnvbit                       nvbit        000000
__Lnvrram                      nvrram       000000
__Lparam                       rparam       000000
__Lpowerup                     powerup      0000A8
__Lram                         ram          000000
__Lramtop                      ramtop       000300
__Lrbit                        rbit         000000
__Lrbss                        rbss         000000
__Lrdata                       rdata        000000
__Lreset_vec                   reset_vec    000000
__Lrparam                      rparam       000000
__Lsfr                         sfr          000000
__Lsmallconst                  smallconst   000000
__Lspace_0                     (abs)        000000
__Lspace_1                     (abs)        000000
__Lspace_2                     (abs)        000000
__Lstack                       stack        000000
__Lstruct                      struct       000000
__Ltemp                        temp         000042
__Ltext                        text         000000
__Ltext0                       text0        000000
__Ltext1                       text1        000000
__Ltext10                      text10       000000
__Ltext11                      text11       000000
__Ltext2                       text2        000000
__Ltext3                       text3        000000
__Ltext4                       text4        000000
__Ltext5                       text5        000000
__Ltext6                       text6        000000
__Ltext7                       text7        000000
__Ltext8                       text8        000000
__Ltext9                       text9        000000
__S0                           (abs)        30000E
__S1                           (abs)        00007D
__S2                           (abs)        000000
___awdiv                       text9        00054C
___awdiv@counter               cstackCOMRAM 000019
___awdiv@dividend              cstackCOMRAM 000015
___awdiv@divisor               cstackCOMRAM 000017
___awdiv@quotient              cstackCOMRAM 00001B
___awdiv@sign                  cstackCOMRAM 00001A
___inthi_sp                    stack        000000
___intlo_sp                    stack        000000
___param_bank                  (abs)        000010
___rparam_used                 (abs)        000001
___sp                          stack        000000
___wmul                        text8        000768
___wmul@multiplicand           cstackCOMRAM 000011
___wmul@multiplier             cstackCOMRAM 00000F
___wmul@product                cstackCOMRAM 000013
__accesstop                    (abs)        000060
__activetblptr                 (abs)        000000
__end_of_InterruptHandlerHigh  intcode      0000A8
__end_of_VerifySignal          text11       0004BC
__end_of___awdiv               text9        0005D0
__end_of___wmul                text8        00078E
__end_of__initialization       cinit        00079A
__end_of_delay_s               text10       00069C
__end_of_fullSpeedAhead        text6        000640
__end_of_fullSpeedBack         text5        00073E
__end_of_initPWM               text4        000768
__end_of_main                  text0        0002D4
__end_of_setMotorPWM           text7        000408
__end_of_stop                  text3        00054C
__end_of_turnLeft              text2        000708
__end_of_turnRight             text1        0006D2
__initialization               cinit        00078E
__mediumconst                  mediumconst  000000
__pbssCOMRAM                   bssCOMRAM    000031
__pcinit                       cinit        00078E
__pcstackBANK0                 cstackBANK0  000060
__pcstackCOMRAM                cstackCOMRAM 000001
__pintcode                     intcode      000008
__ptext0                       text0        0000AC
__ptext1                       text1        00069C
__ptext10                      text10       000640
__ptext11                      text11       000408
__ptext2                       text2        0006D2
__ptext3                       text3        0004BC
__ptext4                       text4        00073E
__ptext5                       text5        000708
__ptext6                       text6        0005D0
__ptext7                       text7        0002D4
__ptext8                       text8        000768
__ptext9                       text9        00054C
__ramtop                       ramtop       000300
__size_of_InterruptHandlerHigh (abs)        000000
__size_of_VerifySignal         (abs)        000000
__size_of___awdiv              (abs)        000000
__size_of___wmul               (abs)        000000
__size_of_delay_s              (abs)        000000
__size_of_fullSpeedAhead       (abs)        000000
__size_of_fullSpeedBack        (abs)        000000
__size_of_initPWM              (abs)        000000
__size_of_main                 (abs)        000000
__size_of_setMotorPWM          (abs)        000000
__size_of_stop                 (abs)        000000
__size_of_turnLeft             (abs)        000000
__size_of_turnRight            (abs)        000000
__smallconst                   smallconst   000000
_delay_s                       text10       000640
_fullSpeedAhead                text6        0005D0
_fullSpeedBack                 text5        000708
_i                             bssCOMRAM    000031
_initPWM                       text4        00073E
_main                          text0        0000AC
_setMotorPWM                   text7        0002D4
_stop                          text3        0004BC
_turnLeft                      text2        0006D2
_turnRight                     text1        00069C
btemp                          temp         000042
delay_s@i                      cstackCOMRAM 000012
delay_s@j                      cstackCOMRAM 000014
delay_s@seconds                cstackCOMRAM 000011
end_of_initialization          cinit        00079A
fullSpeedAhead@mL              cstackCOMRAM 000026
fullSpeedAhead@mR              cstackCOMRAM 000028
fullSpeedBack@mL               cstackCOMRAM 00002B
fullSpeedBack@mR               cstackCOMRAM 00002D
int$flags                      temp         000042
intlevel0                      text         000000
intlevel1                      text         000000
intlevel2                      text         000000
intlevel3                      text         000000
main@Message                   cstackBANK0  000060
main@i                         cstackBANK0  00006A
main@motorL                    cstackBANK0  00006B
main@motorR                    cstackBANK0  000074
setMotorPWM@PWMduty            cstackCOMRAM 000024
setMotorPWM@m                  cstackCOMRAM 00001D
stackhi                        (abs)        0002FF
stacklo                        (abs)        00007D
start                          init         0000A8
start_initialization           cinit        00078E
stop@mL                        cstackCOMRAM 000026
stop@mR                        cstackCOMRAM 000028
turnLeft@mL                    cstackCOMRAM 00002B
turnLeft@mR                    cstackCOMRAM 00002D
turnRight@mL                   cstackCOMRAM 00002B
turnRight@mR                   cstackCOMRAM 00002D


FUNCTION INFORMATION:

 *************** function _main *****************
 Defined at:
		line 40 in file "main.c"
 Parameters:    Size  Location     Type
		None
 Auto vars:     Size  Location     Type
  Message        10    0[BANK0 ] unsigned char [10]
  motorR          9   20[BANK0 ] struct DC_motor
  motorL          9   11[BANK0 ] struct DC_motor
  i               1   10[BANK0 ] unsigned char 
 Return value:  Size  Location     Type
		None               void
 Registers used:
		wreg, fsr1l, fsr1h, fsr2l, fsr2h, status,2, status,0, prodl, prodh, cstack
 Tracked objects:
		On entry : 
		On exit  : 
		Unchanged: 
 Data sizes:     COMRAM   BANK0   BANK1   BANK2
      Params:         0       0       0       0
      Locals:         0      29       0       0
      Temps:          2       0       0       0
      Totals:         2      29       0       0
Total ram usage:       31 bytes
 Hardware stack levels required when called:    5
 This function calls:
		_VerifySignal
		_delay_s
		_fullSpeedAhead
		_fullSpeedBack
		_initPWM
		_stop
		_turnLeft
		_turnRight
 This function is called by:
		Startup code after reset
 This function uses a non-reentrant model


 *************** function _turnRight *****************
 Defined at:
		line 89 in file "dc_motor.c"
 Parameters:    Size  Location     Type
  mL              2   42[COMRAM] PTR struct DC_motor
		 -> main@motorL(9), 
  mR              2   44[COMRAM] PTR struct DC_motor
		 -> main@motorR(9), 
 Auto vars:     Size  Location     Type
		None
 Return value:  Size  Location     Type
		None               void
 Registers used:
		wreg, fsr2l, fsr2h, status,2, status,0, prodl, prodh, cstack
 Tracked objects:
		On entry : 
		On exit  : 
		Unchanged: 
 Data sizes:     COMRAM   BANK0   BANK1   BANK2
      Params:         4       0       0       0
      Locals:         0       0       0       0
      Temps:          0       0       0       0
      Totals:         4       0       0       0
Total ram usage:        4 bytes
 Hardware stack levels used:    1
 Hardware stack levels required when called:    4
 This function calls:
		_fullSpeedAhead
 This function is called by:
		_main
		_ScanIR
 This function uses a non-reentrant model


 *************** function _turnLeft *****************
 Defined at:
		line 80 in file "dc_motor.c"
 Parameters:    Size  Location     Type
  mL              2   42[COMRAM] PTR struct DC_motor
		 -> main@motorL(9), 
  mR              2   44[COMRAM] PTR struct DC_motor
		 -> main@motorR(9), 
 Auto vars:     Size  Location     Type
		None
 Return value:  Size  Location     Type
		None               void
 Registers used:
		wreg, fsr2l, fsr2h, status,2, status,0, prodl, prodh, cstack
 Tracked objects:
		On entry : 
		On exit  : 
		Unchanged: 
 Data sizes:     COMRAM   BANK0   BANK1   BANK2
      Params:         4       0       0       0
      Locals:         0       0       0       0
      Temps:          0       0       0       0
      Totals:         4       0       0       0
Total ram usage:        4 bytes
 Hardware stack levels used:    1
 Hardware stack levels required when called:    4
 This function calls:
		_fullSpeedAhead
 This function is called by:
		_main
		_ScanIR
 This function uses a non-reentrant model


 *************** function _stop *****************
 Defined at:
		line 61 in file "dc_motor.c"
 Parameters:    Size  Location     Type
  mL              2   37[COMRAM] PTR struct DC_motor
		 -> main@motorL(9), 
  mR              2   39[COMRAM] PTR struct DC_motor
		 -> main@motorR(9), 
 Auto vars:     Size  Location     Type
		None
 Return value:  Size  Location     Type
		None               void
 Registers used:
		wreg, fsr2l, fsr2h, status,2, status,0, prodl, prodh, cstack
 Tracked objects:
		On entry : 
		On exit  : 
		Unchanged: 
 Data sizes:     COMRAM   BANK0   BANK1   BANK2
      Params:         4       0       0       0
      Locals:         0       0       0       0
      Temps:          0       0       0       0
      Totals:         4       0       0       0
Total ram usage:        4 bytes
 Hardware stack levels used:    1
 Hardware stack levels required when called:    3
 This function calls:
		_setMotorPWM
 This function is called by:
		_main
		_ScanIR
 This function uses a non-reentrant model


 *************** function _initPWM *****************
 Defined at:
		line 4 in file "dc_motor.c"
 Parameters:    Size  Location     Type
		None
 Auto vars:     Size  Location     Type
		None
 Return value:  Size  Location     Type
		None               void
 Registers used:
		wreg, status,2
 Tracked objects:
		On entry : 
		On exit  : 
		Unchanged: 
 Data sizes:     COMRAM   BANK0   BANK1   BANK2
      Params:         0       0       0       0
      Locals:         0       0       0       0
      Temps:          0       0       0       0
      Totals:         0       0       0       0
Total ram usage:        0 bytes
 Hardware stack levels used:    1
 Hardware stack levels required when called:    1
 This function calls:
		Nothing
 This function is called by:
		_main
 This function uses a non-reentrant model


 *************** function _fullSpeedBack *****************
 Defined at:
		line 115 in file "dc_motor.c"
 Parameters:    Size  Location     Type
  mL              2   42[COMRAM] PTR struct DC_motor
		 -> main@motorL(9), 
  mR              2   44[COMRAM] PTR struct DC_motor
		 -> main@motorR(9), 
 Auto vars:     Size  Location     Type
		None
 Return value:  Size  Location     Type
		None               void
 Registers used:
		wreg, fsr2l, fsr2h, status,2, status,0, prodl, prodh, cstack
 Tracked objects:
		On entry : 
		On exit  : 
		Unchanged: 
 Data sizes:     COMRAM   BANK0   BANK1   BANK2
      Params:         4       0       0       0
      Locals:         0       0       0       0
      Temps:          0       0       0       0
      Totals:         4       0       0       0
Total ram usage:        4 bytes
 Hardware stack levels used:    1
 Hardware stack levels required when called:    4
 This function calls:
		_fullSpeedAhead
 This function is called by:
		_main
 This function uses a non-reentrant model


 *************** function _fullSpeedAhead *****************
 Defined at:
		line 98 in file "dc_motor.c"
 Parameters:    Size  Location     Type
  mL              2   37[COMRAM] PTR struct DC_motor
		 -> main@motorL(9), 
  mR              2   39[COMRAM] PTR struct DC_motor
		 -> main@motorR(9), 
 Auto vars:     Size  Location     Type
		None
 Return value:  Size  Location     Type
		None               void
 Registers used:
		wreg, fsr2l, fsr2h, status,2, status,0, prodl, prodh, cstack
 Tracked objects:
		On entry : 
		On exit  : 
		Unchanged: 
 Data sizes:     COMRAM   BANK0   BANK1   BANK2
      Params:         4       0       0       0
      Locals:         0       0       0       0
      Temps:          1       0       0       0
      Totals:         5       0       0       0
Total ram usage:        5 bytes
 Hardware stack levels used:    1
 Hardware stack levels required when called:    3
 This function calls:
		_setMotorPWM
 This function is called by:
		_main
		_turnLeft
		_turnRight
		_fullSpeedBack
 This function uses a non-reentrant model


 *************** function _setMotorPWM *****************
 Defined at:
		line 20 in file "dc_motor.c"
 Parameters:    Size  Location     Type
  m               2   28[COMRAM] PTR struct DC_motor
		 -> main@motorR(9), main@motorL(9), 
 Auto vars:     Size  Location     Type
  PWMduty         2   35[COMRAM] int 
 Return value:  Size  Location     Type
		None               void
 Registers used:
		wreg, fsr2l, fsr2h, status,2, status,0, prodl, prodh, cstack
 Tracked objects:
		On entry : 
		On exit  : 
		Unchanged: 
 Data sizes:     COMRAM   BANK0   BANK1   BANK2
      Params:         2       0       0       0
      Locals:         2       0       0       0
      Temps:          5       0       0       0
      Totals:         9       0       0       0
Total ram usage:        9 bytes
 Hardware stack levels used:    1
 Hardware stack levels required when called:    2
 This function calls:
		___awdiv
		___wmul
 This function is called by:
		_stop
		_fullSpeedAhead
		_setMotorFullSpeed
		_stopMotor
 This function uses a non-reentrant model


 *************** function ___wmul *****************
 Defined at:
		line 15 in file "C:\Program Files (x86)\Microchip\xc8\v1.35\sources\common\Umul16.c"
 Parameters:    Size  Location     Type
  multiplier      2   14[COMRAM] unsigned int 
  multiplicand    2   16[COMRAM] unsigned int 
 Auto vars:     Size  Location     Type
  product         2   18[COMRAM] unsigned int 
 Return value:  Size  Location     Type
                  2   14[COMRAM] unsigned int 
 Registers used:
		wreg, status,2, status,0, prodl, prodh
 Tracked objects:
		On entry : 
		On exit  : 
		Unchanged: 
 Data sizes:     COMRAM   BANK0   BANK1   BANK2
      Params:         4       0       0       0
      Locals:         2       0       0       0
      Temps:          0       0       0       0
      Totals:         6       0       0       0
Total ram usage:        6 bytes
 Hardware stack levels used:    1
 Hardware stack levels required when called:    1
 This function calls:
		Nothing
 This function is called by:
		_setMotorPWM
 This function uses a non-reentrant model


 *************** function ___awdiv *****************
 Defined at:
		line 8 in file "C:\Program Files (x86)\Microchip\xc8\v1.35\sources\common\awdiv.c"
 Parameters:    Size  Location     Type
  dividend        2   20[COMRAM] int 
  divisor         2   22[COMRAM] int 
 Auto vars:     Size  Location     Type
  quotient        2   26[COMRAM] int 
  sign            1   25[COMRAM] unsigned char 
  counter         1   24[COMRAM] unsigned char 
 Return value:  Size  Location     Type
                  2   20[COMRAM] int 
 Registers used:
		wreg, status,2, status,0
 Tracked objects:
		On entry : 
		On exit  : 
		Unchanged: 
 Data sizes:     COMRAM   BANK0   BANK1   BANK2
      Params:         4       0       0       0
      Locals:         4       0       0       0
      Temps:          0       0       0       0
      Totals:         8       0       0       0
Total ram usage:        8 bytes
 Hardware stack levels used:    1
 Hardware stack levels required when called:    1
 This function calls:
		Nothing
 This function is called by:
		_setMotorPWM
 This function uses a non-reentrant model


 *************** function _delay_s *****************
 Defined at:
		line 16 in file "main.c"
 Parameters:    Size  Location     Type
  seconds         1    wreg     unsigned char 
 Auto vars:     Size  Location     Type
  seconds         1   16[COMRAM] unsigned char 
  j               2   19[COMRAM] unsigned int 
  i               2   17[COMRAM] unsigned int 
 Return value:  Size  Location     Type
		None               void
 Registers used:
		wreg, status,2, status,0
 Tracked objects:
		On entry : 
		On exit  : 
		Unchanged: 
 Data sizes:     COMRAM   BANK0   BANK1   BANK2
      Params:         0       0       0       0
      Locals:         5       0       0       0
      Temps:          2       0       0       0
      Totals:         7       0       0       0
Total ram usage:        7 bytes
 Hardware stack levels used:    1
 Hardware stack levels required when called:    1
 This function calls:
		Nothing
 This function is called by:
		_main
 This function uses a non-reentrant model


 *************** function _VerifySignal *****************
 Defined at:
		line 46 in file "RFID_Reader.c"
 Parameters:    Size  Location     Type
  Signal          2   14[COMRAM] PTR unsigned char 
		 -> ReceivedString(16), 
 Auto vars:     Size  Location     Type
  hexByte         2   23[COMRAM] unsigned int 
  i               1   25[COMRAM] unsigned char 
  checksum        1   22[COMRAM] unsigned char 
 Return value:  Size  Location     Type
                  1    wreg      unsigned char 
 Registers used:
		wreg, fsr2l, fsr2h, status,2, status,0, prodl, prodh
 Tracked objects:
		On entry : 
		On exit  : 
		Unchanged: 
 Data sizes:     COMRAM   BANK0   BANK1   BANK2
      Params:         2       0       0       0
      Locals:         4       0       0       0
      Temps:          6       0       0       0
      Totals:        12       0       0       0
Total ram usage:       12 bytes
 Hardware stack levels used:    1
 Hardware stack levels required when called:    1
 This function calls:
		Nothing
 This function is called by:
		_main
 This function uses a non-reentrant model


 *************** function _InterruptHandlerHigh *****************
 Defined at:
		line 27 in file "main.c"
 Parameters:    Size  Location     Type
		None
 Auto vars:     Size  Location     Type
		None
 Return value:  Size  Location     Type
		None               void
 Registers used:
		wreg, fsr2l, fsr2h, status,2, status,0, prodl, prodh
 Tracked objects:
		On entry : 
		On exit  : 
		Unchanged: 
 Data sizes:     COMRAM   BANK0   BANK1   BANK2
      Params:         0       0       0       0
      Locals:         0       0       0       0
      Temps:         14       0       0       0
      Totals:        14       0       0       0
Total ram usage:       14 bytes
 Hardware stack levels used:    1
 This function calls:
		Nothing
 This function is called by:
		Interrupt level 2
 This function uses a non-reentrant model



MODULE INFORMATION

Module		Function		Class		Link	Load	Size
C:\Program Files (x86)\Microchip\xc8\v1.35\sources\common\awdiv.c
		___awdiv       		CODE           	054C	0000	133

C:\Program Files (x86)\Microchip\xc8\v1.35\sources\common\awdiv.c estimated size: 133

dc_motor.c
		_fullSpeedBack 		CODE           	0708	0000	55
		_fullSpeedAhead		CODE           	05D0	0000	113
		_turnLeft      		CODE           	06D2	0000	55
		_stop          		CODE           	04BC	0000	145
		_turnRight     		CODE           	069C	0000	55
		_setMotorPWM   		CODE           	02D4	0000	309
		_initPWM       		CODE           	073E	0000	43

dc_motor.c estimated size: 775

shared
		__initialization		CODE           	078E	0000	13

shared estimated size: 13

C:\Program Files (x86)\Microchip\xc8\v1.35\sources\common\Umul16.c
		___wmul        		CODE           	0768	0000	39

C:\Program Files (x86)\Microchip\xc8\v1.35\sources\common\Umul16.c estimated size: 39

RFID_Reader.c
		_VerifySignal  		CODE           	0408	0000	181

RFID_Reader.c estimated size: 181

main.c
		_main          		CODE           	00AC	0000	553
		_InterruptHandlerHigh		CODE           	0008	0000	161
		_delay_s       		CODE           	0640	0000	93

main.c estimated size: 807

