Microchip MPLAB XC8 Compiler V1.35 ()

Linker command line:

--edf=C:\Program Files (x86)\Microchip\xc8\v1.35\dat\en_msgs.txt -cs \
  -h+dist/default/production\BombFinder.X.production.sym \
  --cmf=dist/default/production\BombFinder.X.production.cmf -z -w9 --norlf \
  -Q18F4331 -oC:\Users\tr514\AppData\Local\Temp\s718.2 \
  -Mdist/default/production/BombFinder.X.production.map -E1 -ver=XC8 \
  -ACODE=00h-01FFFh -ACONST=00h-01FFFh -ASMALLCONST=0300h-03FFhx29 \
  -AMEDIUMCONST=0300h-01FFFh -ACOMRAM=01h-05Fh -AABS1=00h-02FFh \
  -ABIGRAM=01h-02FFh -ARAM=060h-0FFh,0100h-01FFhx2 -ABANK0=060h-0FFh \
  -ABANK1=0100h-01FFh -ABANK2=0200h-02FFh -ASFR=0F60h-0FFFh \
  -preset_vec=00h,intcode,intcodelo,powerup,init,end_init -pramtop=0300h \
  -psmallconst=SMALLCONST -pmediumconst=MEDIUMCONST -pconst=CONST \
  -AFARRAM=00h-00h -ACONFIG=0300000h-030000Dh -pconfig=CONFIG \
  -AIDLOC=0200000h-0200007h -pidloc=IDLOC -AEEDATA=0F00000h-0F000FFh \
  -peeprom_data=EEDATA \
  -prdata=COMRAM,nvrram=COMRAM,nvbit=COMRAM,rbss=COMRAM,rbit=COMRAM \
  -pfarbss=FARRAM,fardata=FARRAM,nvFARRAM=FARRAM \
  -pintsave_regs=BIGRAM,bigbss=BIGRAM,bigdata=BIGRAM -pbss=RAM \
  -pidata=CODE,irdata=CODE,ibigdata=CODE,ifardata=CODE \
  C:\Users\tr514\AppData\Local\Temp\s718.obj \
  dist/default/production\BombFinder.X.production.obj 

Object code version is 3.11

Machine type is 18F4331

Call graph: (short form)




                Name                               Link     Load   Length Selector   Space Scale
C:\Users\tr514\AppData\Local\Temp\s718.obj
                end_init                             CC       CC        4        0       0
dist/default/production\BombFinder.X.production.obj
                intcodelo                             E        E       BE        0       0
                intcode                               0        0        E        0       0
                temp                                 3C       3C        1        1       1
                smallconst                          300      300       96      180       0
                text32                              1DC      1DC       38       EE       0
                intcode_body                       1C2E     1C2E       8A      1CB       0
                text29                                0        0        E        0       0
                text28                             1964     1964       C6      1CB       0
                text27                              14A      14A       30       A5       0
                text26                             1E90     1E90       5E      1CB       0
                text25                              17A      17A       30       BD       0
                text24                              214      214       38      10A       0
                text23                             1DAE     1DAE       72      1CB       0
                text22                             1D3C     1D3C       72      1CB       0
                text21                             1EEE     1EEE       52      1CB       0
                text20                              2BE      2BE       42      15F       0
                text19                               D4       D4       26       6A       0
                text18                                E        E       1E        0       0
                text17                             1524     1524      306      1CB       0
                text16                             1CB8     1CB8       84      1CB       0
                text15                             182A     182A      13A      1CB       0
                text14                             1E20     1E20       70      1CB       0
                text13                             1B9A     1B9A       94      1CB       0
                text12                             1F8E     1F8E       4E      1CB       0
                text11                             1F40     1F40       4E      1CB       0
                text10                             112E     112E      3F6      1CB       0
                text9                               24C      24C       38      126       0
                text8                               396      396      8B0      1CB       0
                text7                              1AE6     1AE6       B4      1CB       0
                text6                                FA       FA       26       7D       0
                text5                               284      284       3A      142       0
                text4                              1FDC     1FDC       22      1CB       0
                text3                              1A2A     1A2A       BC      1CB       0
                text2                               1AA      1AA       32       D5       0
                text1                                2C       2C       1C        0       0
                text0                               C46      C46      4E8      1CB       0
                cstackCOMRAM                          1        1       39        1       1
                cstackBANK0                          60       60       57       60       1
                cstackBANK1                         100      100       FA      100       1
                cstackBANK2                         200      200       12      200       1
                bssBANK1                            1FA      1FA        5      100       1
                bssBANK0                             B7       B7       20       60       1
                bssCOMRAM                            3A       3A        2        1       1
                cinit                               120      120       2A       90       0

TOTAL           Name                               Link     Load   Length     Space
        CLASS   CODE           
                end_init                             CC       CC        4         0
                intcodelo                             E        E       BE         0
                intcode                               0        0        E         0
                text32                              1DC      1DC       38         0
                intcode_body                       1C2E     1C2E       8A         0
                text29                                0        0        E         0
                text28                             1964     1964       C6         0
                text27                              14A      14A       30         0
                text26                             1E90     1E90       5E         0
                text25                              17A      17A       30         0
                text24                              214      214       38         0
                text23                             1DAE     1DAE       72         0
                text22                             1D3C     1D3C       72         0
                text21                             1EEE     1EEE       52         0
                text20                              2BE      2BE       42         0
                text19                               D4       D4       26         0
                text18                                E        E       1E         0
                text17                             1524     1524      306         0
                text16                             1CB8     1CB8       84         0
                text15                             182A     182A      13A         0
                text14                             1E20     1E20       70         0
                text13                             1B9A     1B9A       94         0
                text12                             1F8E     1F8E       4E         0
                text11                             1F40     1F40       4E         0
                text10                             112E     112E      3F6         0
                text9                               24C      24C       38         0
                text8                               396      396      8B0         0
                text7                              1AE6     1AE6       B4         0
                text6                                FA       FA       26         0
                text5                               284      284       3A         0
                text4                              1FDC     1FDC       22         0
                text3                              1A2A     1A2A       BC         0
                text2                               1AA      1AA       32         0
                text1                                2C       2C       1C         0
                text0                               C46      C46      4E8         0
                cinit                               120      120       2A         0

        CLASS   CONST          

        CLASS   SMALLCONST     
                smallconst                          300      300       96         0

        CLASS   MEDIUMCONST    

        CLASS   COMRAM         
                temp                                 3C       3C        1         1
                cstackCOMRAM                          1        1       39         1
                bssCOMRAM                            3A       3A        2         1

        CLASS   ABS1           

        CLASS   BIGRAM         

        CLASS   RAM            

        CLASS   BANK0          
                cstackBANK0                          60       60       57         1
                bssBANK0                             B7       B7       20         1

        CLASS   BANK1          
                cstackBANK1                         100      100       FA         1
                bssBANK1                            1FA      1FA        5         1

        CLASS   BANK2          
                cstackBANK2                         200      200       12         1

        CLASS   SFR            

        CLASS   FARRAM         

        CLASS   CONFIG         

        CLASS   IDLOC          

        CLASS   EEDATA         

        CLASS   STACK          



SEGMENTS        Name                           Load    Length   Top    Selector   Space  Class

                reset_vec                      000000  0000D0  0000D0         0       0  CODE    
                cstackCOMRAM                   000001  00003C  00003D         1       1  COMRAM  
                cstackBANK0                    000060  000077  0000D7        60       1  BANK0   
                text19                         0000D4  000026  0000FA        6A       0  CODE    
                text6                          0000FA  000026  000120        7D       0  CODE    
                cstackBANK1                    000100  0000FF  0001FF       100       1  BANK1   
                cinit                          000120  00002A  00014A        90       0  CODE    
                text27                         00014A  000030  00017A        A5       0  CODE    
                text25                         00017A  000030  0001AA        BD       0  CODE    
                text2                          0001AA  000032  0001DC        D5       0  CODE    
                text32                         0001DC  000038  000214        EE       0  CODE    
                cstackBANK2                    000200  000012  000212       200       1  BANK2   
                text24                         000214  000038  00024C       10A       0  CODE    
                text9                          00024C  000038  000284       126       0  CODE    
                text5                          000284  00003A  0002BE       142       0  CODE    
                text20                         0002BE  000042  000300       15F       0  CODE    
                smallconst                     000300  000096  000396       180       0  SMALLCON
                text8                          000396  001C68  001FFE       1CB       0  CODE    


UNUSED ADDRESS RANGES

        Name                Unused          Largest block    Delta
        BANK0            00D7-00FF             29
        BANK1            01FF-01FF              1
        BANK2            0212-02FF             EE
        BIGRAM           003D-005F             23
                         00D7-00FF             29
                         01FF-01FF              1
                         0212-02FF             EE
        CODE             00D0-00D3              4
                         1FFE-1FFF              2
        COMRAM           003D-005F             23
        CONFIG           300000-30000D              E
        CONST            00D0-00D3              4
                         1FFE-1FFF              2
        EEDATA           F00000-F000FF            100
        IDLOC            200000-200007              8
        MEDIUMCONST      1FFE-1FFF              2
        RAM              00D7-00FF             29
                         01FF-01FF              1
                         0212-02FF             EE
        SFR              0F60-0FFF             A0
        SMALLCONST       1FFE-1FFF              2

                                  Symbol Table

_E_TOG                           text29       0000
_InterruptHandlerHigh            intcode      0000
__CFG_OSC$IRCIO                  (abs)        0000
__CFG_WDTEN$OFF                  (abs)        0000
__HRAM                           (abs)        0000
__Habs1                          abs1         0000
__Hbank0                         bank0        0000
__Hbank1                         bank1        0000
__Hbank2                         bank2        0000
__Hbigbss                        bigbss       0000
__Hbigdata                       bigdata      0000
__Hbigram                        bigram       0000
__Hbss                           bss          0000
__Hclrtext                       clrtext      0000
__Hcomram                        comram       0000
__Hconfig                        config       0000
__Hconst                         const        0000
__Hdata                          data         0000
__Heeprom_data                   eeprom_data  0000
__Hfarbss                        farbss       0000
__Hfardata                       fardata      0000
__Hibigdata                      ibigdata     0000
__Hidata                         idata        0000
__Hidloc                         idloc        0000
__Hifardata                      ifardata     0000
__Hintcode_body                  intcode_body 0000
__Hintentry                      intentry     0000
__Hintret                        intret       0000
__Hintsave_regs                  intsave_regs 0000
__Hirdata                        irdata       0000
__Hmediumconst                   mediumconst  0000
__HnvFARRAM                      nvFARRAM     0000
__Hnvbit                         nvbit        0000
__Hnvrram                        nvrram       0000
__Hparam                         rparam       0000
__Hram                           ram          0000
__Hrbit                          rbit         0000
__Hrbss                          rbss         0000
__Hrdata                         rdata        0000
__Hreset_vec                     reset_vec    0000
__Hrparam                        rparam       0000
__Hsfr                           sfr          0000
__Hspace_2                       (abs)        0000
__Hstack                         stack        0000
__Hstruct                        struct       0000
__Htext                          text         0000
__Htext29                        text29       0000
__Htext32                        text32       0000
__Labs1                          abs1         0000
__Lbank0                         bank0        0000
__Lbank1                         bank1        0000
__Lbank2                         bank2        0000
__Lbigbss                        bigbss       0000
__Lbigdata                       bigdata      0000
__Lbigram                        bigram       0000
__Lbss                           bss          0000
__Lclrtext                       clrtext      0000
__Lcomram                        comram       0000
__Lconfig                        config       0000
__Lconst                         const        0000
__Ldata                          data         0000
__Leeprom_data                   eeprom_data  0000
__Lfarbss                        farbss       0000
__Lfardata                       fardata      0000
__Libigdata                      ibigdata     0000
__Lidata                         idata        0000
__Lidloc                         idloc        0000
__Lifardata                      ifardata     0000
__Lintcode                       intcode      0000
__Lintcode_body                  intcode_body 0000
__Lintentry                      intentry     0000
__Lintret                        intret       0000
__Lintsave_regs                  intsave_regs 0000
__Lirdata                        irdata       0000
__Lmediumconst                   mediumconst  0000
__LnvFARRAM                      nvFARRAM     0000
__Lnvbit                         nvbit        0000
__Lnvrram                        nvrram       0000
__Lparam                         rparam       0000
__Lram                           ram          0000
__Lrbit                          rbit         0000
__Lrbss                          rbss         0000
__Lrdata                         rdata        0000
__Lreset_vec                     reset_vec    0000
__Lrparam                        rparam       0000
__Lsfr                           sfr          0000
__Lspace_0                       (abs)        0000
__Lspace_1                       (abs)        0000
__Lspace_2                       (abs)        0000
__Lstack                         stack        0000
__Lstruct                        struct       0000
__Ltext                          text         0000
__Ltext29                        text29       0000
__Ltext32                        text32       0000
___inthi_sp                      stack        0000
___intlo_sp                      stack        0000
___sp                            stack        0000
__mediumconst                    mediumconst  0000
__pintcode                       intcode      0000
__ptext29                        text29       0000
__size_of_E_TOG                  (abs)        0000
__size_of_InterruptHandlerHigh   (abs)        0000
__size_of_InterruptHandlerLow    (abs)        0000
__size_of_LCD_String             (abs)        0000
__size_of_LCDout                 (abs)        0000
__size_of_ScanIR                 (abs)        0000
__size_of_ScanWithRange          (abs)        0000
__size_of_SendLCD                (abs)        0000
__size_of_SetLine                (abs)        0000
__size_of_VerifySignal           (abs)        0000
__size_of___awdiv                (abs)        0000
__size_of___lwdiv                (abs)        0000
__size_of___lwmod                (abs)        0000
__size_of___wmul                 (abs)        0000
__size_of_delay_s                (abs)        0000
__size_of_delay_tenth_s          (abs)        0000
__size_of_enableSensor           (abs)        0000
__size_of_fullSpeedAhead         (abs)        0000
__size_of_fullSpeedBack          (abs)        0000
__size_of_grabLeftIR             (abs)        0000
__size_of_grabRightIR            (abs)        0000
__size_of_initIR                 (abs)        0000
__size_of_initLCD                (abs)        0000
__size_of_initMotorPWM           (abs)        0000
__size_of_initRFID               (abs)        0000
__size_of_isdigit                (abs)        0000
__size_of_main                   (abs)        0000
__size_of_setMotorPWM            (abs)        0000
__size_of_sprintf                (abs)        0000
__size_of_stop                   (abs)        0000
__size_of_turnLeft               (abs)        0000
__size_of_turnRight              (abs)        0000
__size_ofi2_delay_tenth_s        (abs)        0000
intlevel0                        text         0000
intlevel1                        text         0000
intlevel2                        text         0000
intlevel3                        text         0000
stackhi                          (abs)        0000
stacklo                          (abs)        0000
__LRAM                           (abs)        0001
___rparam_used                   (abs)        0001
__pcstackCOMRAM                  cstackCOMRAM 0001
__activetblptr                   (abs)        0002
i2delay_tenth_s@tenth_seconds    cstackCOMRAM 0002
i2delay_tenth_s@i                cstackCOMRAM 0003
_InterruptHandlerLow             intcodelo    000E
__Hintcode                       intcode      000E
__Htext18                        text18       000E
__Htext19                        text19       000E
__Htext20                        text20       000E
__Htext21                        text21       000E
__Htext22                        text22       000E
__Htext23                        text23       000E
__Htext24                        text24       000E
__Htext25                        text25       000E
__Htext26                        text26       000E
__Htext27                        text27       000E
__Htext28                        text28       000E
__Lintcodelo                     intcodelo    000E
__Ltext18                        text18       000E
__Ltext19                        text19       000E
__Ltext20                        text20       000E
__Ltext21                        text21       000E
__Ltext22                        text22       000E
__Ltext23                        text23       000E
__Ltext24                        text24       000E
__Ltext25                        text25       000E
__Ltext26                        text26       000E
__Ltext27                        text27       000E
__Ltext28                        text28       000E
__end_of_E_TOG                   text29       000E
__pintcodelo                     intcodelo    000E
__ptext18                        text18       000E
_isdigit                         text18       000E
___param_bank                    (abs)        0010
?___lwdiv                        cstackCOMRAM 0024
?___wmul                         cstackCOMRAM 0024
?_grabLeftIR                     cstackCOMRAM 0024
?_grabRightIR                    cstackCOMRAM 0024
VerifySignal@Signal              cstackCOMRAM 0024
___lwdiv@dividend                cstackCOMRAM 0024
___wmul@multiplier               cstackCOMRAM 0024
enableSensor@status              cstackCOMRAM 0024
_isdigit$1931                    cstackCOMRAM 0025
delay_s@seconds                  cstackCOMRAM 0025
delay_tenth_s@tenth_seconds      cstackCOMRAM 0025
enableSensor@sensor              cstackCOMRAM 0025
___lwdiv@divisor                 cstackCOMRAM 0026
___wmul@multiplicand             cstackCOMRAM 0026
delay_s@i                        cstackCOMRAM 0026
delay_tenth_s@i                  cstackCOMRAM 0026
isdigit@c                        cstackCOMRAM 0026
LCDout@number                    cstackCOMRAM 0027
SendLCD@type                     cstackCOMRAM 0028
___lwdiv@quotient                cstackCOMRAM 0028
___wmul@product                  cstackCOMRAM 0028
SendLCD@Byte                     cstackCOMRAM 0029
grabLeftIR@IR_signal             cstackCOMRAM 0029
grabRightIR@IR_signal            cstackCOMRAM 0029
?___awdiv                        cstackCOMRAM 002A
?___lwmod                        cstackCOMRAM 002B
?_sprintf                        cstackCOMRAM 0030
LCD_String@string                cstackCOMRAM 002A
SetLine@line                     cstackCOMRAM 002A
___awdiv@dividend                cstackCOMRAM 002A
___lwdiv@counter                 cstackCOMRAM 002A
___lwmod@dividend                cstackCOMRAM 002B
grabLeftIR@i                     cstackCOMRAM 002B
grabRightIR@i                    cstackCOMRAM 002B
VerifySignal@checksum            cstackCOMRAM 002C
__Htext1                         text1        002C
__Htext10                        text10       002C
__Htext11                        text11       002C
__Htext12                        text12       002C
__Htext13                        text13       002C
__Htext14                        text14       002C
__Htext15                        text15       002C
__Htext16                        text16       002C
__Htext17                        text17       002C
__Htext2                         text2        002C
__Htext3                         text3        002C
__Htext4                         text4        002C
__Htext5                         text5        002C
__Htext6                         text6        002C
__Htext7                         text7        002C
__Htext8                         text8        002C
__Htext9                         text9        002C
__Ltext1                         text1        002C
__Ltext10                        text10       002C
__Ltext11                        text11       002C
__Ltext12                        text12       002C
__Ltext13                        text13       002C
__Ltext14                        text14       002C
__Ltext15                        text15       002C
__Ltext16                        text16       002C
__Ltext17                        text17       002C
__Ltext2                         text2        002C
__Ltext3                         text3        002C
__Ltext4                         text4        002C
__Ltext5                         text5        002C
__Ltext6                         text6        002C
__Ltext7                         text7        002C
__Ltext8                         text8        002C
__Ltext9                         text9        002C
___awdiv@divisor                 cstackCOMRAM 002C
__end_of_isdigit                 text18       002C
__ptext1                         text1        002C
_initRFID                        text1        002C
VerifySignal@hexByte             cstackCOMRAM 002D
___lwmod@divisor                 cstackCOMRAM 002D
___awdiv@counter                 cstackCOMRAM 002E
VerifySignal@i                   cstackCOMRAM 002F
___awdiv@sign                    cstackCOMRAM 002F
___lwmod@counter                 cstackCOMRAM 002F
___awdiv@quotient                cstackCOMRAM 0030
sprintf@sp                       cstackCOMRAM 0030
setMotorPWM@m                    cstackCOMRAM 0032
sprintf@f                        cstackCOMRAM 0032
__pbssCOMRAM                     bssCOMRAM    003A
_i                               bssCOMRAM    003A
_mode                            bssCOMRAM    003B
__Ltemp                          temp         003C
btemp                            temp         003C
int$flags                        temp         003C
__Htemp                          temp         003D
__HbssBANK0                      bssBANK0     0048
__HbssBANK1                      bssBANK1     0048
__HbssCOMRAM                     bssCOMRAM    0048
__Hcinit                         cinit        0048
__HcstackBANK0                   cstackBANK0  0048
__HcstackBANK1                   cstackBANK1  0048
__HcstackBANK2                   cstackBANK2  0048
__HcstackCOMRAM                  cstackCOMRAM 0048
__Htext0                         text0        0048
__LbssBANK0                      bssBANK0     0048
__LbssBANK1                      bssBANK1     0048
__LbssCOMRAM                     bssCOMRAM    0048
__Lcinit                         cinit        0048
__LcstackBANK0                   cstackBANK0  0048
__LcstackBANK1                   cstackBANK1  0048
__LcstackBANK2                   cstackBANK2  0048
__LcstackCOMRAM                  cstackCOMRAM 0048
__Ltext0                         text0        0048
__end_of_initRFID                text1        0048
__accesstop                      (abs)        0060
__pcstackBANK0                   cstackBANK0  0060
setMotorPWM@PWMduty              cstackBANK0  0060
fullSpeedAhead@mL                cstackBANK0  0062
stop@mL                          cstackBANK0  0062
fullSpeedAhead@mR                cstackBANK0  0064
sprintf@ap                       cstackBANK0  0064
stop@mR                          cstackBANK0  0064
fullSpeedBack@mL                 cstackBANK0  0066
sprintf@prec                     cstackBANK0  0066
turnLeft@mL                      cstackBANK0  0066
turnRight@mL                     cstackBANK0  0066
sprintf@val                      cstackBANK0  0067
fullSpeedBack@mR                 cstackBANK0  0068
turnLeft@mR                      cstackBANK0  0068
turnRight@mR                     cstackBANK0  0068
sprintf@flag                     cstackBANK0  0069
sprintf@width                    cstackBANK0  006A
sprintf@c                        cstackBANK0  006C
ScanIR@mL                        cstackBANK0  006D
ScanWithRange@mL                 cstackBANK0  006D
ScanIR@mR                        cstackBANK0  006F
ScanWithRange@mR                 cstackBANK0  006F
ScanIR@Move                      cstackBANK0  0071
ScanWithRange@tenth_seconds      cstackBANK0  0071
ScanWithRange@MoveTimeEntry      cstackBANK0  0072
ScanIR@MoveTime                  cstackBANK0  0073
ScanIR@MoveType                  cstackBANK0  0075
ScanWithRange@buf                cstackBANK0  0076
ScanIR@buf                       cstackBANK0  0079
ScanWithRange@ResultFalseL       cstackBANK0  009E
ScanWithRange@ResultFalseC       cstackBANK0  009F
ScanWithRange@ResultFalseR       cstackBANK0  00A0
ScanIR@SensorResult              cstackBANK0  00A1
ScanWithRange@SensorResultL      cstackBANK0  00A1
ScanWithRange@SensorResultC      cstackBANK0  00A5
ScanWithRange@SensorResultR      cstackBANK0  00A9
main@SensorResult                cstackBANK0  00AF
main@ScanAngle                   cstackBANK0  00B3
main@DirectionFound              cstackBANK0  00B4
main@i                           cstackBANK0  00B5
main@Move                        cstackBANK0  00B6
ScanIR@F3878                     bssBANK0     00B7
__pbssBANK0                      bssBANK0     00B7
ScanWithRange@F3887              bssBANK0     00BB
ScanWithRange@F3889              bssBANK0     00BF
ScanWithRange@F3891              bssBANK0     00C3
_ReceivedString                  bssBANK0     00C7
__Hinit                          init         00CC
__Hintcodelo                     intcodelo    00CC
__Hpowerup                       powerup      00CC
__Lend_init                      end_init     00CC
__Linit                          init         00CC
__Lpowerup                       powerup      00CC
__end_of_InterruptHandlerLow     intcodelo    00CC
start                            init         00CC
__Hend_init                      end_init     00D0
___wmul                          text19       00D4
__ptext19                        text19       00D4
__end_of___wmul                  text19       00FA
__ptext6                         text6        00FA
_enableSensor                    text6        00FA
__pcstackBANK1                   cstackBANK1  0100
main@MoveType                    cstackBANK1  0100
__end_of_enableSensor            text6        0120
__initialization                 cinit        0120
__pcinit                         cinit        0120
start_initialization             cinit        0120
__end_of__initialization         cinit        013C
end_of_initialization            cinit        013C
_SendLCD                         text27       014A
__ptext27                        text27       014A
main@MoveTime                    cstackBANK1  0164
_SetLine                         text25       017A
__end_of_SendLCD                 text27       017A
__ptext25                        text25       017A
__end_of_SetLine                 text25       01AA
__ptext2                         text2        01AA
_initMotorPWM                    text2        01AA
main@buf                         cstackBANK1  01C8
__end_of_initMotorPWM            text2        01DC
__ptext32                        text32       01DC
i2_delay_tenth_s                 text32       01DC
main@Message                     cstackBANK1  01F0
__pbssBANK1                      bssBANK1     01FA
main@F3890                       bssBANK1     01FA
_RFID_Read                       bssBANK1     01FE
__pcstackBANK2                   cstackBANK2  0200
main@mL                          cstackBANK2  0200
main@mR                          cstackBANK2  0209
__Hspace_1                       (abs)        0212
__S1                             (abs)        0212
__end_ofi2_delay_tenth_s         text32       0214
__ptext24                        text24       0214
_delay_tenth_s                   text24       0214
__end_of_delay_tenth_s           text24       024C
__ptext9                         text9        024C
_delay_s                         text9        024C
__end_of_delay_s                 text9        0284
__ptext5                         text5        0284
_fullSpeedBack                   text5        0284
___lwmod                         text20       02BE
__end_of_fullSpeedBack           text5        02BE
__ptext20                        text20       02BE
__Hramtop                        ramtop       0300
__Lramtop                        ramtop       0300
__Lsmallconst                    smallconst   0300
__end_of___lwmod                 text20       0300
__psmallconst                    smallconst   0300
__ramtop                         ramtop       0300
__smallconst                     smallconst   0300
_dpowers                         smallconst   0301
_ClearSignalThreshold            smallconst   030B
__end_of_dpowers                 smallconst   030B
_DirectionFoundThreshold         smallconst   030D
__end_of_ClearSignalThreshold    smallconst   030D
_DirectionFoundTolerance         smallconst   030F
__end_of_DirectionFoundThreshold smallconst   030F
__end_of_DirectionFoundTolerance smallconst   0311
_ScanWithRange                   text8        0396
__Hsmallconst                    smallconst   0396
__ptext8                         text8        0396
__end_of_ScanWithRange           text8        0C46
__ptext0                         text0        0C46
_main                            text0        0C46
_CAP2CON                         (abs)        0F62
_CAP1CON                         (abs)        0F63
_CAP2BUFL                        (abs)        0F66
_CAP2BUFH                        (abs)        0F67
_CAP1BUFL                        (abs)        0F68
_CAP1BUFH                        (abs)        0F69
_PWMCON1                         (abs)        0F6E
_PWMCON0                         (abs)        0F6F
_PDC1H                           (abs)        0F76
_PDC1L                           (abs)        0F77
_PDC0H                           (abs)        0F78
_PDC0L                           (abs)        0F79
_PTPERH                          (abs)        0F7A
_PTPERL                          (abs)        0F7B
_PTCON1                          (abs)        0F7E
_PTCON0                          (abs)        0F7F
_LATAbits                        (abs)        0F89
_LATB                            (abs)        0F8A
_LATCbits                        (abs)        0F8B
_LATDbits                        (abs)        0F8C
_LATEbits                        (abs)        0F8D
_TRISAbits                       (abs)        0F92
_TRISBbits                       (abs)        0F93
_TRISC                           (abs)        0F94
_TRISCbits                       (abs)        0F94
_TRISDbits                       (abs)        0F95
_TRISEbits                       (abs)        0F96
_PIE1bits                        (abs)        0F9D
_PIR1bits                        (abs)        0F9E
_IPR1bits                        (abs)        0F9F
_BAUDCONbits                     (abs)        0FAA
_RCSTAbits                       (abs)        0FAB
_TXSTAbits                       (abs)        0FAC
_TXREG                           (abs)        0FAD
_RCREG                           (abs)        0FAE
_SPBRG                           (abs)        0FAF
_SPBRGH                          (abs)        0FB0
_T5CON                           (abs)        0FB7
_ANSEL0bits                      (abs)        0FB8
_RCONbits                        (abs)        0FD0
_OSCCON                          (abs)        0FD3
_OSCCONbits                      (abs)        0FD3
_INTCONbits                      (abs)        0FF2
_ScanIR                          text10       112E
__end_of_main                    text0        112E
__ptext10                        text10       112E
__end_of_ScanIR                  text10       1524
__ptext17                        text17       1524
_sprintf                         text17       1524
__end_of_sprintf                 text17       182A
__ptext15                        text15       182A
_setMotorPWM                     text15       182A
_LCDout                          text28       1964
__end_of_setMotorPWM             text15       1964
__ptext28                        text28       1964
__end_of_LCDout                  text28       1A2A
__ptext3                         text3        1A2A
_initLCD                         text3        1A2A
_VerifySignal                    text7        1AE6
__end_of_initLCD                 text3        1AE6
__ptext7                         text7        1AE6
__end_of_VerifySignal            text7        1B9A
__ptext13                        text13       1B9A
_stop                            text13       1B9A
__end_of_stop                    text13       1C2E
__pintcode_body                  intcode_body 1C2E
int_func                         intcode_body 1C2E
___awdiv                         text16       1CB8
__end_of_InterruptHandlerHigh    intcode_body 1CB8
__ptext16                        text16       1CB8
__end_of___awdiv                 text16       1D3C
__ptext22                        text22       1D3C
_grabRightIR                     text22       1D3C
__end_of_grabRightIR             text22       1DAE
__ptext23                        text23       1DAE
_grabLeftIR                      text23       1DAE
__end_of_grabLeftIR              text23       1E20
__ptext14                        text14       1E20
_fullSpeedAhead                  text14       1E20
_LCD_String                      text26       1E90
__end_of_fullSpeedAhead          text14       1E90
__ptext26                        text26       1E90
___lwdiv                         text21       1EEE
__end_of_LCD_String              text26       1EEE
__ptext21                        text21       1EEE
__end_of___lwdiv                 text21       1F40
__ptext11                        text11       1F40
_turnRight                       text11       1F40
__end_of_turnRight               text11       1F8E
__ptext12                        text12       1F8E
_turnLeft                        text12       1F8E
__end_of_turnLeft                text12       1FDC
__ptext4                         text4        1FDC
_initIR                          text4        1FDC
__Hspace_0                       (abs)        1FFE
__S0                             (abs)        1FFE
__end_of_initIR                  text4        1FFE
