Microchip MPLAB XC8 Compiler V1.35 ()

Linker command line:

--edf=C:\Program Files (x86)\Microchip\xc8\v1.35\dat\en_msgs.txt -cs \
  -h+dist/default/production\BombFinder.X.production.sym \
  --cmf=dist/default/production\BombFinder.X.production.cmf -z -Q18F4331 \
  -oC:\Users\tr514\AppData\Local\Temp\sag0.2 \
  -Mdist/default/production/BombFinder.X.production.map -E1 -ver=XC8 \
  -ASTACK=091h-02ffh -pstack=STACK -ACODE=00h-01FFFh -ACONST=00h-01FFFh \
  -ASMALLCONST=0300h-03FFhx29 -AMEDIUMCONST=0300h-01FFFh -ACOMRAM=01h-05Fh \
  -AABS1=00h-02FFh -ABIGRAM=01h-02FFh -ARAM=060h-0FFh,0100h-01FFhx2 \
  -ABANK0=060h-0FFh -ABANK1=0100h-01FFh -ABANK2=0200h-02FFh \
  -ASFR=0F60h-0FFFh \
  -preset_vec=00h,intcode=08h,intcodelo,powerup,init,end_init \
  -pramtop=0300h -psmallconst=SMALLCONST -pmediumconst=MEDIUMCONST \
  -pconst=CONST -AFARRAM=00h-00h -ACONFIG=0300000h-030000Dh -pconfig=CONFIG \
  -AIDLOC=0200000h-0200007h -pidloc=IDLOC -AEEDATA=0F00000h-0F000FFh \
  -peeprom_data=EEDATA \
  -prdata=COMRAM,nvrram=COMRAM,nvbit=COMRAM,rbss=COMRAM,rbit=COMRAM \
  -pfarbss=FARRAM,fardata=FARRAM,nvFARRAM=FARRAM \
  -pintsave_regs=BIGRAM,bigbss=BIGRAM,bigdata=BIGRAM -pbss=RAM \
  -pidata=CODE,irdata=CODE,ibigdata=CODE,ifardata=CODE -prparam=COMRAM \
  C:\Users\tr514\AppData\Local\Temp\sag0.obj \
  dist/default/production\BombFinder.X.production.obj 

Object code version is 3.11

Machine type is 18F4331

Call graph: (short form)




                Name                               Link     Load   Length Selector   Space Scale
C:\Users\tr514\AppData\Local\Temp\sag0.obj
                end_init                             A8       A8        4        4       0
                reset_vec                             0        0        4        0       0
                idloc                            200000   200000        8   200000       0
                config                           300000   300000        E   300000       0
dist/default/production\BombFinder.X.production.obj
                intcode                               8        8       A0        4       0
                temp                                 45       45        1        1       1
                text16                              AC2      AC2       38        4       0
                text15                              B52      B52       26        4       0
                text14                              9CA      9CA       64        4       0
                text13                              966      966       64        4       0
                text12                              872      872       84        4       0
                text11                              B2C      B2C       26        4       0
                text10                              5FA      5FA      134        4       0
                text9                               8F6      8F6       70        4       0
                text8                               7E2      7E2       90        4       0
                text7                               A78      A78       4A        4       0
                text6                               A2E      A2E       4A        4       0
                text5                                AC       AC      37E        4       0
                text4                               72E      72E       B4        4       0
                text3                               B98      B98       1E        4       0
                text2                               AFA      AFA       32        4       0
                text1                               B78      B78       20        4       0
                text0                               42A      42A      1D0        4       0
                cstackCOMRAM                          1        1       43        1       1
                cstackBANK0                          60       60       21       60       1
                bssBANK0                             81       81       10       60       1
                bssCOMRAM                            44       44        1        1       1
                cinit                               BB6      BB6       1C        4       0

TOTAL           Name                               Link     Load   Length     Space
        CLASS   STACK          

        CLASS   CODE           
                end_init                             A8       A8        4         0
                intcode                               8        8       A0         0
                reset_vec                             0        0        4         0
                text16                              AC2      AC2       38         0
                text15                              B52      B52       26         0
                text14                              9CA      9CA       64         0
                text13                              966      966       64         0
                text12                              872      872       84         0
                text11                              B2C      B2C       26         0
                text10                              5FA      5FA      134         0
                text9                               8F6      8F6       70         0
                text8                               7E2      7E2       90         0
                text7                               A78      A78       4A         0
                text6                               A2E      A2E       4A         0
                text5                                AC       AC      37E         0
                text4                               72E      72E       B4         0
                text3                               B98      B98       1E         0
                text2                               AFA      AFA       32         0
                text1                               B78      B78       20         0
                text0                               42A      42A      1D0         0
                cinit                               BB6      BB6       1C         0

        CLASS   CONST          

        CLASS   SMALLCONST     

        CLASS   MEDIUMCONST    

        CLASS   COMRAM         
                temp                                 45       45        1         1
                cstackCOMRAM                          1        1       43         1
                bssCOMRAM                            44       44        1         1

        CLASS   ABS1           

        CLASS   BIGRAM         

        CLASS   RAM            

        CLASS   BANK0          
                cstackBANK0                          60       60       21         1
                bssBANK0                             81       81       10         1

        CLASS   BANK1          

        CLASS   BANK2          

        CLASS   SFR            

        CLASS   FARRAM         

        CLASS   CONFIG         
                config                           300000   300000        E         0

        CLASS   IDLOC          
                idloc                            200000   200000        8         0

        CLASS   EEDATA         



SEGMENTS        Name                           Load    Length   Top    Selector   Space  Class

                reset_vec                      000000  000004  000004         0       0  CODE    
                cstackCOMRAM                   000001  000045  000046         1       1  COMRAM  
                intcode                        000008  000BCA  000BD2         4       0  CODE    
                cstackBANK0                    000060  000031  000091        60       1  BANK0   
                idloc                          200000  000008  200008    200000       0  IDLOC   
                config                         300000  00000E  30000E    300000       0  CONFIG  


UNUSED ADDRESS RANGES

        Name                Unused          Largest block    Delta
        BANK0            000091-0000FF               6F
        BANK1            000100-0001FF              100
        BANK2            000200-0002FF              100
        BIGRAM           000046-00005F               1A
                         000091-0002FF              26F
        CODE             000004-000007                4
                         000BD2-001FFF             142E
        COMRAM           000046-00005F               1A
        CONST            000004-000007                4
                         000BD2-001FFF             142E
        EEDATA           F00000-F000FF              100
        MEDIUMCONST      000BD2-001FFF             142E
        RAM              000091-0002FF              100
        SFR              000F60-000FFF               A0
        SMALLCONST       000BD2-001FFF              100
        STACK            000091-0002FF              26F

                                  Symbol Table

?___awdiv                      cstackCOMRAM 000015
?___wmul                       cstackCOMRAM 00000F
?_grabLeftIR                   cstackCOMRAM 00000F
?_grabRightIR                  cstackCOMRAM 00000F
ScanWithRange@SensorResultC    cstackCOMRAM 00003A
ScanWithRange@SensorResultL    cstackCOMRAM 000036
ScanWithRange@SensorResultR    cstackCOMRAM 00003E
ScanWithRange@mL               cstackCOMRAM 00002F
ScanWithRange@mR               cstackCOMRAM 000031
ScanWithRange@tenth_seconds    cstackCOMRAM 000033
VerifySignal@Signal            cstackCOMRAM 00000F
VerifySignal@checksum          cstackCOMRAM 000017
VerifySignal@hexByte           cstackCOMRAM 000018
VerifySignal@i                 cstackCOMRAM 00001A
_ANSEL0bits                    (abs)        000FB8
_BAUDCONbits                   (abs)        000FAA
_CAP1BUFH                      (abs)        000F69
_CAP1BUFL                      (abs)        000F68
_CAP1CON                       (abs)        000F63
_CAP2BUFH                      (abs)        000F67
_CAP2BUFL                      (abs)        000F66
_CAP2CON                       (abs)        000F62
_INTCONbits                    (abs)        000FF2
_IPR1bits                      (abs)        000F9F
_InterruptHandlerHigh          intcode      000008
_LATAbits                      (abs)        000F89
_LATB                          (abs)        000F8A
_LATCbits                      (abs)        000F8B
_LATDbits                      (abs)        000F8C
_LATEbits                      (abs)        000F8D
_OSCCON                        (abs)        000FD3
_OSCCONbits                    (abs)        000FD3
_PDC0H                         (abs)        000F78
_PDC0L                         (abs)        000F79
_PDC1H                         (abs)        000F76
_PDC1L                         (abs)        000F77
_PIE1bits                      (abs)        000F9D
_PIR1bits                      (abs)        000F9E
_PTCON0                        (abs)        000F7F
_PTCON1                        (abs)        000F7E
_PTPERH                        (abs)        000F7A
_PTPERL                        (abs)        000F7B
_PWMCON0                       (abs)        000F6F
_PWMCON1                       (abs)        000F6E
_RCONbits                      (abs)        000FD0
_RCREG                         (abs)        000FAE
_RCSTAbits                     (abs)        000FAB
_ReceivedString                bssBANK0     000081
_SPBRG                         (abs)        000FAF
_SPBRGH                        (abs)        000FB0
_ScanWithRange                 text5        0000AC
_T5CON                         (abs)        000FB7
_TRISAbits                     (abs)        000F92
_TRISBbits                     (abs)        000F93
_TRISC                         (abs)        000F94
_TRISCbits                     (abs)        000F94
_TRISDbits                     (abs)        000F95
_TRISEbits                     (abs)        000F96
_TXREG                         (abs)        000FAD
_TXSTAbits                     (abs)        000FAC
_VerifySignal                  text4        00072E
__CFG_OSC$IRCIO                (abs)        000000
__CFG_WDTEN$OFF                (abs)        000000
__HRAM                         (abs)        000000
__Habs1                        abs1         000000
__Hbank0                       bank0        000000
__Hbank1                       bank1        000000
__Hbank2                       bank2        000000
__Hbigbss                      bigbss       000000
__Hbigdata                     bigdata      000000
__Hbigram                      bigram       000000
__Hbss                         bss          000000
__HbssBANK0                    bssBANK0     000000
__HbssCOMRAM                   bssCOMRAM    000000
__Hcinit                       cinit        000000
__Hclrtext                     clrtext      000000
__Hcomram                      comram       000000
__Hconfig                      config       30000E
__Hconst                       const        000000
__HcstackBANK0                 cstackBANK0  000000
__HcstackCOMRAM                cstackCOMRAM 000000
__Hdata                        data         000000
__Heeprom_data                 eeprom_data  000000
__Hend_init                    end_init     0000AC
__Hfarbss                      farbss       000000
__Hfardata                     fardata      000000
__Hibigdata                    ibigdata     000000
__Hidata                       idata        000000
__Hidloc                       idloc        200008
__Hifardata                    ifardata     000000
__Hinit                        init         0000A8
__Hintcode                     intcode      0000A8
__Hintcode_body                intcode_body 000000
__Hintcodelo                   intcodelo    0000A8
__Hintentry                    intentry     000000
__Hintret                      intret       000000
__Hintsave_regs                intsave_regs 000000
__Hirdata                      irdata       000000
__Hmediumconst                 mediumconst  000000
__HnvFARRAM                    nvFARRAM     000000
__Hnvbit                       nvbit        000000
__Hnvrram                      nvrram       000000
__Hparam                       rparam       000000
__Hpowerup                     powerup      0000A8
__Hram                         ram          000000
__Hramtop                      ramtop       000300
__Hrbit                        rbit         000000
__Hrbss                        rbss         000000
__Hrdata                       rdata        000000
__Hreset_vec                   reset_vec    000004
__Hrparam                      rparam       000000
__Hsfr                         sfr          000000
__Hsmallconst                  smallconst   000000
__Hspace_0                     (abs)        30000E
__Hspace_1                     (abs)        000091
__Hspace_2                     (abs)        000000
__Hstack                       stack        000000
__Hstruct                      struct       000000
__Htemp                        temp         000046
__Htext                        text         000000
__Htext0                       text0        000000
__Htext1                       text1        000000
__Htext10                      text10       000000
__Htext11                      text11       000000
__Htext12                      text12       000000
__Htext13                      text13       000000
__Htext14                      text14       000000
__Htext15                      text15       000000
__Htext16                      text16       000000
__Htext2                       text2        000000
__Htext3                       text3        000000
__Htext4                       text4        000000
__Htext5                       text5        000000
__Htext6                       text6        000000
__Htext7                       text7        000000
__Htext8                       text8        000000
__Htext9                       text9        000000
__LRAM                         (abs)        000001
__Labs1                        abs1         000000
__Lbank0                       bank0        000000
__Lbank1                       bank1        000000
__Lbank2                       bank2        000000
__Lbigbss                      bigbss       000000
__Lbigdata                     bigdata      000000
__Lbigram                      bigram       000000
__Lbss                         bss          000000
__LbssBANK0                    bssBANK0     000000
__LbssCOMRAM                   bssCOMRAM    000000
__Lcinit                       cinit        000000
__Lclrtext                     clrtext      000000
__Lcomram                      comram       000000
__Lconfig                      config       300000
__Lconst                       const        000000
__LcstackBANK0                 cstackBANK0  000000
__LcstackCOMRAM                cstackCOMRAM 000000
__Ldata                        data         000000
__Leeprom_data                 eeprom_data  000000
__Lend_init                    end_init     0000A8
__Lfarbss                      farbss       000000
__Lfardata                     fardata      000000
__Libigdata                    ibigdata     000000
__Lidata                       idata        000000
__Lidloc                       idloc        200000
__Lifardata                    ifardata     000000
__Linit                        init         0000A8
__Lintcode                     intcode      000008
__Lintcode_body                intcode_body 000000
__Lintcodelo                   intcodelo    0000A8
__Lintentry                    intentry     000000
__Lintret                      intret       000000
__Lintsave_regs                intsave_regs 000000
__Lirdata                      irdata       000000
__Lmediumconst                 mediumconst  000000
__LnvFARRAM                    nvFARRAM     000000
__Lnvbit                       nvbit        000000
__Lnvrram                      nvrram       000000
__Lparam                       rparam       000000
__Lpowerup                     powerup      0000A8
__Lram                         ram          000000
__Lramtop                      ramtop       000300
__Lrbit                        rbit         000000
__Lrbss                        rbss         000000
__Lrdata                       rdata        000000
__Lreset_vec                   reset_vec    000000
__Lrparam                      rparam       000000
__Lsfr                         sfr          000000
__Lsmallconst                  smallconst   000000
__Lspace_0                     (abs)        000000
__Lspace_1                     (abs)        000000
__Lspace_2                     (abs)        000000
__Lstack                       stack        000000
__Lstruct                      struct       000000
__Ltemp                        temp         000045
__Ltext                        text         000000
__Ltext0                       text0        000000
__Ltext1                       text1        000000
__Ltext10                      text10       000000
__Ltext11                      text11       000000
__Ltext12                      text12       000000
__Ltext13                      text13       000000
__Ltext14                      text14       000000
__Ltext15                      text15       000000
__Ltext16                      text16       000000
__Ltext2                       text2        000000
__Ltext3                       text3        000000
__Ltext4                       text4        000000
__Ltext5                       text5        000000
__Ltext6                       text6        000000
__Ltext7                       text7        000000
__Ltext8                       text8        000000
__Ltext9                       text9        000000
__S0                           (abs)        30000E
__S1                           (abs)        000091
__S2                           (abs)        000000
___awdiv                       text12       000872
___awdiv@counter               cstackCOMRAM 000019
___awdiv@dividend              cstackCOMRAM 000015
___awdiv@divisor               cstackCOMRAM 000017
___awdiv@quotient              cstackCOMRAM 00001B
___awdiv@sign                  cstackCOMRAM 00001A
___inthi_sp                    stack        000000
___intlo_sp                    stack        000000
___param_bank                  (abs)        000010
___rparam_used                 (abs)        000001
___sp                          stack        000000
___wmul                        text11       000B2C
___wmul@multiplicand           cstackCOMRAM 000011
___wmul@multiplier             cstackCOMRAM 00000F
___wmul@product                cstackCOMRAM 000013
__accesstop                    (abs)        000060
__activetblptr                 (abs)        000002
__end_of_InterruptHandlerHigh  intcode      0000A8
__end_of_ScanWithRange         text5        00042A
__end_of_VerifySignal          text4        0007E2
__end_of___awdiv               text12       0008F6
__end_of___wmul                text11       000B52
__end_of__initialization       cinit        000BC4
__end_of_delay_tenth_s         text16       000AFA
__end_of_enableSensor          text15       000B78
__end_of_fullSpeedAhead        text9        000966
__end_of_grabLeftIR            text14       000A2E
__end_of_grabRightIR           text13       0009CA
__end_of_initIR                text3        000BB6
__end_of_initMotorPWM          text2        000B2C
__end_of_initRFID              text1        000B98
__end_of_main                  text0        0005FA
__end_of_setMotorPWM           text10       00072E
__end_of_stop                  text8        000872
__end_of_turnLeft              text7        000AC2
__end_of_turnRight             text6        000A78
__initialization               cinit        000BB6
__mediumconst                  mediumconst  000000
__pbssBANK0                    bssBANK0     000081
__pbssCOMRAM                   bssCOMRAM    000044
__pcinit                       cinit        000BB6
__pcstackBANK0                 cstackBANK0  000060
__pcstackCOMRAM                cstackCOMRAM 000001
__pintcode                     intcode      000008
__ptext0                       text0        00042A
__ptext1                       text1        000B78
__ptext10                      text10       0005FA
__ptext11                      text11       000B2C
__ptext12                      text12       000872
__ptext13                      text13       000966
__ptext14                      text14       0009CA
__ptext15                      text15       000B52
__ptext16                      text16       000AC2
__ptext2                       text2        000AFA
__ptext3                       text3        000B98
__ptext4                       text4        00072E
__ptext5                       text5        0000AC
__ptext6                       text6        000A2E
__ptext7                       text7        000A78
__ptext8                       text8        0007E2
__ptext9                       text9        0008F6
__ramtop                       ramtop       000300
__size_of_InterruptHandlerHigh (abs)        000000
__size_of_ScanWithRange        (abs)        000000
__size_of_VerifySignal         (abs)        000000
__size_of___awdiv              (abs)        000000
__size_of___wmul               (abs)        000000
__size_of_delay_tenth_s        (abs)        000000
__size_of_enableSensor         (abs)        000000
__size_of_fullSpeedAhead       (abs)        000000
__size_of_grabLeftIR           (abs)        000000
__size_of_grabRightIR          (abs)        000000
__size_of_initIR               (abs)        000000
__size_of_initMotorPWM         (abs)        000000
__size_of_initRFID             (abs)        000000
__size_of_main                 (abs)        000000
__size_of_setMotorPWM          (abs)        000000
__size_of_stop                 (abs)        000000
__size_of_turnLeft             (abs)        000000
__size_of_turnRight            (abs)        000000
__smallconst                   smallconst   000000
_delay_tenth_s                 text16       000AC2
_enableSensor                  text15       000B52
_fullSpeedAhead                text9        0008F6
_grabLeftIR                    text14       0009CA
_grabRightIR                   text13       000966
_i                             bssCOMRAM    000044
_initIR                        text3        000B98
_initMotorPWM                  text2        000AFA
_initRFID                      text1        000B78
_initRFID$1269                 cstackCOMRAM 00000F
_main                          text0        00042A
_setMotorPWM                   text10       0005FA
_stop                          text8        0007E2
_turnLeft                      text7        000A78
_turnRight                     text6        000A2E
btemp                          temp         000045
delay_tenth_s@i                cstackCOMRAM 000011
delay_tenth_s@tenth_seconds    cstackCOMRAM 000010
enableSensor@sensor            cstackCOMRAM 000010
enableSensor@status            cstackCOMRAM 00000F
end_of_initialization          cinit        000BC4
fullSpeedAhead@mL              cstackCOMRAM 000026
fullSpeedAhead@mR              cstackCOMRAM 000028
grabLeftIR@IR_signal           cstackCOMRAM 000013
grabLeftIR@i                   cstackCOMRAM 000015
grabRightIR@IR_signal          cstackCOMRAM 000013
grabRightIR@i                  cstackCOMRAM 000015
int$flags                      temp         000045
intlevel0                      text         000000
intlevel1                      text         000000
intlevel2                      text         000000
intlevel3                      text         000000
main@DirectionFound            cstackBANK0  00006D
main@Message                   cstackBANK0  000060
main@i                         cstackBANK0  00006E
main@mode                      cstackBANK0  00006C
main@motorL                    cstackBANK0  00006F
main@motorR                    cstackBANK0  000078
main@test                      cstackBANK0  00006A
setMotorPWM@PWMduty            cstackCOMRAM 000024
setMotorPWM@m                  cstackCOMRAM 00001D
stackhi                        (abs)        0002FF
stacklo                        (abs)        000091
start                          init         0000A8
start_initialization           cinit        000BB6
stop@mL                        cstackCOMRAM 000026
stop@mR                        cstackCOMRAM 000028
turnLeft@mL                    cstackCOMRAM 00002B
turnLeft@mR                    cstackCOMRAM 00002D
turnRight@mL                   cstackCOMRAM 00002B
turnRight@mR                   cstackCOMRAM 00002D


FUNCTION INFORMATION:

 *************** function _main *****************
 Defined at:
		line 29 in file "main.c"
 Parameters:    Size  Location     Type
		None
 Auto vars:     Size  Location     Type
  PathTaken     100    0        unsigned char [100]
  Message        10    0[BANK0 ] unsigned char [10]
  motorR          9   24[BANK0 ] struct DC_motor
  motorL          9   15[BANK0 ] struct DC_motor
  SignalStreng    3    0        unsigned char [3]
  test            2   10[BANK0 ] unsigned int 
  i               1   14[BANK0 ] unsigned char 
  DirectionFou    1   13[BANK0 ] unsigned char 
  mode            1   12[BANK0 ] unsigned char 
 Return value:  Size  Location     Type
		None               void
 Registers used:
		wreg, fsr1l, fsr1h, fsr2l, fsr2h, status,2, status,0, prodl, prodh, cstack
 Tracked objects:
		On entry : 
		On exit  : 
		Unchanged: 
 Data sizes:     COMRAM   BANK0   BANK1   BANK2
      Params:         0       0       0       0
      Locals:         0      33       0       0
      Temps:          2       0       0       0
      Totals:         2      33       0       0
Total ram usage:       35 bytes
 Hardware stack levels required when called:    6
 This function calls:
		_ScanWithRange
		_VerifySignal
		_initIR
		_initMotorPWM
		_initRFID
 This function is called by:
		Startup code after reset
 This function uses a non-reentrant model


 *************** function _initRFID *****************
 Defined at:
		line 5 in file "RFID_Reader.c"
 Parameters:    Size  Location     Type
		None
 Auto vars:     Size  Location     Type
		None
 Return value:  Size  Location     Type
		None               void
 Registers used:
		wreg, status,2
 Tracked objects:
		On entry : 
		On exit  : 
		Unchanged: 
 Data sizes:     COMRAM   BANK0   BANK1   BANK2
      Params:         0       0       0       0
      Locals:         1       0       0       0
      Temps:          0       0       0       0
      Totals:         1       0       0       0
Total ram usage:        1 bytes
 Hardware stack levels used:    1
 Hardware stack levels required when called:    1
 This function calls:
		Nothing
 This function is called by:
		_main
 This function uses a non-reentrant model


 *************** function _initMotorPWM *****************
 Defined at:
		line 4 in file "dc_motor.c"
 Parameters:    Size  Location     Type
		None
 Auto vars:     Size  Location     Type
		None
 Return value:  Size  Location     Type
		None               void
 Registers used:
		wreg, status,2
 Tracked objects:
		On entry : 
		On exit  : 
		Unchanged: 
 Data sizes:     COMRAM   BANK0   BANK1   BANK2
      Params:         0       0       0       0
      Locals:         0       0       0       0
      Temps:          0       0       0       0
      Totals:         0       0       0       0
Total ram usage:        0 bytes
 Hardware stack levels used:    1
 Hardware stack levels required when called:    1
 This function calls:
		Nothing
 This function is called by:
		_main
 This function uses a non-reentrant model


 *************** function _initIR *****************
 Defined at:
		line 30 in file "IR_Reading.c"
 Parameters:    Size  Location     Type
		None
 Auto vars:     Size  Location     Type
		None
 Return value:  Size  Location     Type
		None               void
 Registers used:
		wreg, status,2
 Tracked objects:
		On entry : 
		On exit  : 
		Unchanged: 
 Data sizes:     COMRAM   BANK0   BANK1   BANK2
      Params:         0       0       0       0
      Locals:         0       0       0       0
      Temps:          0       0       0       0
      Totals:         0       0       0       0
Total ram usage:        0 bytes
 Hardware stack levels used:    1
 Hardware stack levels required when called:    1
 This function calls:
		Nothing
 This function is called by:
		_main
 This function uses a non-reentrant model


 *************** function _VerifySignal *****************
 Defined at:
		line 56 in file "RFID_Reader.c"
 Parameters:    Size  Location     Type
  Signal          2   14[COMRAM] PTR unsigned char 
		 -> ReceivedString(16), 
 Auto vars:     Size  Location     Type
  hexByte         2   23[COMRAM] unsigned int 
  i               1   25[COMRAM] unsigned char 
  checksum        1   22[COMRAM] unsigned char 
 Return value:  Size  Location     Type
                  1    wreg      unsigned char 
 Registers used:
		wreg, fsr2l, fsr2h, status,2, status,0, prodl, prodh
 Tracked objects:
		On entry : 
		On exit  : 
		Unchanged: 
 Data sizes:     COMRAM   BANK0   BANK1   BANK2
      Params:         2       0       0       0
      Locals:         4       0       0       0
      Temps:          6       0       0       0
      Totals:        12       0       0       0
Total ram usage:       12 bytes
 Hardware stack levels used:    1
 Hardware stack levels required when called:    1
 This function calls:
		Nothing
 This function is called by:
		_main
 This function uses a non-reentrant model


 *************** function _ScanWithRange *****************
 Defined at:
		line 75 in file "Movement.c"
 Parameters:    Size  Location     Type
  mL              2   46[COMRAM] PTR struct DC_motor
		 -> main@motorL(9), 
  mR              2   48[COMRAM] PTR struct DC_motor
		 -> main@motorR(9), 
  tenth_second    1   50[COMRAM] unsigned char 
 Auto vars:     Size  Location     Type
  SensorResult    4   61[COMRAM] unsigned int [2]
  SensorResult    4   57[COMRAM] unsigned int [2]
  SensorResult    4   53[COMRAM] unsigned int [2]
 Return value:  Size  Location     Type
                  1    wreg      unsigned char 
 Registers used:
		wreg, fsr2l, fsr2h, status,2, status,0, prodl, prodh, cstack
 Tracked objects:
		On entry : 
		On exit  : 
		Unchanged: 
 Data sizes:     COMRAM   BANK0   BANK1   BANK2
      Params:         5       0       0       0
      Locals:        12       0       0       0
      Temps:          2       0       0       0
      Totals:        19       0       0       0
Total ram usage:       19 bytes
 Hardware stack levels used:    1
 Hardware stack levels required when called:    5
 This function calls:
		___awdiv
		_delay_tenth_s
		_enableSensor
		_grabLeftIR
		_grabRightIR
		_stop
		_turnLeft
		_turnRight
 This function is called by:
		_main
 This function uses a non-reentrant model


 *************** function _turnRight *****************
 Defined at:
		line 98 in file "dc_motor.c"
 Parameters:    Size  Location     Type
  mL              2   42[COMRAM] PTR struct DC_motor
		 -> main@motorL(9), 
  mR              2   44[COMRAM] PTR struct DC_motor
		 -> main@motorR(9), 
 Auto vars:     Size  Location     Type
		None
 Return value:  Size  Location     Type
		None               void
 Registers used:
		wreg, fsr2l, fsr2h, status,2, status,0, prodl, prodh, cstack
 Tracked objects:
		On entry : 
		On exit  : 
		Unchanged: 
 Data sizes:     COMRAM   BANK0   BANK1   BANK2
      Params:         4       0       0       0
      Locals:         0       0       0       0
      Temps:          0       0       0       0
      Totals:         4       0       0       0
Total ram usage:        4 bytes
 Hardware stack levels used:    1
 Hardware stack levels required when called:    4
 This function calls:
		_fullSpeedAhead
		_stop
 This function is called by:
		_ScanWithRange
		_ScanIR
 This function uses a non-reentrant model


 *************** function _turnLeft *****************
 Defined at:
		line 87 in file "dc_motor.c"
 Parameters:    Size  Location     Type
  mL              2   42[COMRAM] PTR struct DC_motor
		 -> main@motorL(9), 
  mR              2   44[COMRAM] PTR struct DC_motor
		 -> main@motorR(9), 
 Auto vars:     Size  Location     Type
		None
 Return value:  Size  Location     Type
		None               void
 Registers used:
		wreg, fsr2l, fsr2h, status,2, status,0, prodl, prodh, cstack
 Tracked objects:
		On entry : 
		On exit  : 
		Unchanged: 
 Data sizes:     COMRAM   BANK0   BANK1   BANK2
      Params:         4       0       0       0
      Locals:         0       0       0       0
      Temps:          0       0       0       0
      Totals:         4       0       0       0
Total ram usage:        4 bytes
 Hardware stack levels used:    1
 Hardware stack levels required when called:    4
 This function calls:
		_fullSpeedAhead
		_stop
 This function is called by:
		_ScanWithRange
		_ScanIR
 This function uses a non-reentrant model


 *************** function _stop *****************
 Defined at:
		line 67 in file "dc_motor.c"
 Parameters:    Size  Location     Type
  mL              2   37[COMRAM] PTR struct DC_motor
		 -> main@motorL(9), 
  mR              2   39[COMRAM] PTR struct DC_motor
		 -> main@motorR(9), 
 Auto vars:     Size  Location     Type
		None
 Return value:  Size  Location     Type
		None               void
 Registers used:
		wreg, fsr2l, fsr2h, status,2, status,0, prodl, prodh, cstack
 Tracked objects:
		On entry : 
		On exit  : 
		Unchanged: 
 Data sizes:     COMRAM   BANK0   BANK1   BANK2
      Params:         4       0       0       0
      Locals:         0       0       0       0
      Temps:          0       0       0       0
      Totals:         4       0       0       0
Total ram usage:        4 bytes
 Hardware stack levels used:    1
 Hardware stack levels required when called:    3
 This function calls:
		_setMotorPWM
 This function is called by:
		_turnLeft
		_turnRight
		_ScanWithRange
		_ScanIR
 This function uses a non-reentrant model


 *************** function _fullSpeedAhead *****************
 Defined at:
		line 108 in file "dc_motor.c"
 Parameters:    Size  Location     Type
  mL              2   37[COMRAM] PTR struct DC_motor
		 -> main@motorL(9), 
  mR              2   39[COMRAM] PTR struct DC_motor
		 -> main@motorR(9), 
 Auto vars:     Size  Location     Type
		None
 Return value:  Size  Location     Type
		None               void
 Registers used:
		wreg, fsr2l, fsr2h, status,2, status,0, prodl, prodh, cstack
 Tracked objects:
		On entry : 
		On exit  : 
		Unchanged: 
 Data sizes:     COMRAM   BANK0   BANK1   BANK2
      Params:         4       0       0       0
      Locals:         0       0       0       0
      Temps:          1       0       0       0
      Totals:         5       0       0       0
Total ram usage:        5 bytes
 Hardware stack levels used:    1
 Hardware stack levels required when called:    3
 This function calls:
		_setMotorPWM
 This function is called by:
		_turnLeft
		_turnRight
		_fullSpeedBack
 This function uses a non-reentrant model


 *************** function _setMotorPWM *****************
 Defined at:
		line 26 in file "dc_motor.c"
 Parameters:    Size  Location     Type
  m               2   28[COMRAM] PTR struct DC_motor
		 -> main@motorR(9), main@motorL(9), 
 Auto vars:     Size  Location     Type
  PWMduty         2   35[COMRAM] int 
 Return value:  Size  Location     Type
		None               void
 Registers used:
		wreg, fsr2l, fsr2h, status,2, status,0, prodl, prodh, cstack
 Tracked objects:
		On entry : 
		On exit  : 
		Unchanged: 
 Data sizes:     COMRAM   BANK0   BANK1   BANK2
      Params:         2       0       0       0
      Locals:         2       0       0       0
      Temps:          5       0       0       0
      Totals:         9       0       0       0
Total ram usage:        9 bytes
 Hardware stack levels used:    1
 Hardware stack levels required when called:    2
 This function calls:
		___awdiv
		___wmul
 This function is called by:
		_stop
		_fullSpeedAhead
		_setMotorFullSpeed
		_stopMotor
 This function uses a non-reentrant model


 *************** function ___wmul *****************
 Defined at:
		line 15 in file "C:\Program Files (x86)\Microchip\xc8\v1.35\sources\common\Umul16.c"
 Parameters:    Size  Location     Type
  multiplier      2   14[COMRAM] unsigned int 
  multiplicand    2   16[COMRAM] unsigned int 
 Auto vars:     Size  Location     Type
  product         2   18[COMRAM] unsigned int 
 Return value:  Size  Location     Type
                  2   14[COMRAM] unsigned int 
 Registers used:
		wreg, status,2, status,0, prodl, prodh
 Tracked objects:
		On entry : 
		On exit  : 
		Unchanged: 
 Data sizes:     COMRAM   BANK0   BANK1   BANK2
      Params:         4       0       0       0
      Locals:         2       0       0       0
      Temps:          0       0       0       0
      Totals:         6       0       0       0
Total ram usage:        6 bytes
 Hardware stack levels used:    1
 Hardware stack levels required when called:    1
 This function calls:
		Nothing
 This function is called by:
		_setMotorPWM
 This function uses a non-reentrant model


 *************** function ___awdiv *****************
 Defined at:
		line 8 in file "C:\Program Files (x86)\Microchip\xc8\v1.35\sources\common\awdiv.c"
 Parameters:    Size  Location     Type
  dividend        2   20[COMRAM] int 
  divisor         2   22[COMRAM] int 
 Auto vars:     Size  Location     Type
  quotient        2   26[COMRAM] int 
  sign            1   25[COMRAM] unsigned char 
  counter         1   24[COMRAM] unsigned char 
 Return value:  Size  Location     Type
                  2   20[COMRAM] int 
 Registers used:
		wreg, status,2, status,0
 Tracked objects:
		On entry : 
		On exit  : 
		Unchanged: 
 Data sizes:     COMRAM   BANK0   BANK1   BANK2
      Params:         4       0       0       0
      Locals:         4       0       0       0
      Temps:          0       0       0       0
      Totals:         8       0       0       0
Total ram usage:        8 bytes
 Hardware stack levels used:    1
 Hardware stack levels required when called:    1
 This function calls:
		Nothing
 This function is called by:
		_setMotorPWM
		_ScanWithRange
 This function uses a non-reentrant model


 *************** function _grabRightIR *****************
 Defined at:
		line 70 in file "IR_Reading.c"
 Parameters:    Size  Location     Type
		None
 Auto vars:     Size  Location     Type
  IR_signal       2   18[COMRAM] unsigned int 
  i               1   20[COMRAM] unsigned char 
 Return value:  Size  Location     Type
                  2   14[COMRAM] unsigned int 
 Registers used:
		wreg, status,2, status,0
 Tracked objects:
		On entry : 
		On exit  : 
		Unchanged: 
 Data sizes:     COMRAM   BANK0   BANK1   BANK2
      Params:         2       0       0       0
      Locals:         3       0       0       0
      Temps:          2       0       0       0
      Totals:         7       0       0       0
Total ram usage:        7 bytes
 Hardware stack levels used:    1
 Hardware stack levels required when called:    1
 This function calls:
		Nothing
 This function is called by:
		_ScanWithRange
		_ScanIR
 This function uses a non-reentrant model


 *************** function _grabLeftIR *****************
 Defined at:
		line 86 in file "IR_Reading.c"
 Parameters:    Size  Location     Type
		None
 Auto vars:     Size  Location     Type
  IR_signal       2   18[COMRAM] unsigned int 
  i               1   20[COMRAM] unsigned char 
 Return value:  Size  Location     Type
                  2   14[COMRAM] unsigned int 
 Registers used:
		wreg, status,2, status,0
 Tracked objects:
		On entry : 
		On exit  : 
		Unchanged: 
 Data sizes:     COMRAM   BANK0   BANK1   BANK2
      Params:         2       0       0       0
      Locals:         3       0       0       0
      Temps:          2       0       0       0
      Totals:         7       0       0       0
Total ram usage:        7 bytes
 Hardware stack levels used:    1
 Hardware stack levels required when called:    1
 This function calls:
		Nothing
 This function is called by:
		_ScanWithRange
 This function uses a non-reentrant model


 *************** function _enableSensor *****************
 Defined at:
		line 102 in file "IR_Reading.c"
 Parameters:    Size  Location     Type
  sensor          1    wreg     unsigned char 
  status          1   14[COMRAM] unsigned char 
 Auto vars:     Size  Location     Type
  sensor          1   15[COMRAM] unsigned char 
 Return value:  Size  Location     Type
		None               void
 Registers used:
		wreg, status,2, status,0
 Tracked objects:
		On entry : 
		On exit  : 
		Unchanged: 
 Data sizes:     COMRAM   BANK0   BANK1   BANK2
      Params:         1       0       0       0
      Locals:         1       0       0       0
      Temps:          0       0       0       0
      Totals:         2       0       0       0
Total ram usage:        2 bytes
 Hardware stack levels used:    1
 Hardware stack levels required when called:    1
 This function calls:
		Nothing
 This function is called by:
		_ScanWithRange
 This function uses a non-reentrant model


 *************** function _delay_tenth_s *****************
 Defined at:
		line 19 in file "Movement.c"
 Parameters:    Size  Location     Type
  tenth_second    1    wreg     unsigned char 
 Auto vars:     Size  Location     Type
  tenth_second    1   15[COMRAM] unsigned char 
  i               2   16[COMRAM] unsigned int 
 Return value:  Size  Location     Type
		None               void
 Registers used:
		wreg, status,2, status,0, prodl, prodh, cstack
 Tracked objects:
		On entry : 
		On exit  : 
		Unchanged: 
 Data sizes:     COMRAM   BANK0   BANK1   BANK2
      Params:         0       0       0       0
      Locals:         3       0       0       0
      Temps:          1       0       0       0
      Totals:         4       0       0       0
Total ram usage:        4 bytes
 Hardware stack levels used:    1
 Hardware stack levels required when called:    1
 This function calls:
		Nothing
 This function is called by:
		_ScanWithRange
 This function uses a non-reentrant model


 *************** function _InterruptHandlerHigh *****************
 Defined at:
		line 16 in file "main.c"
 Parameters:    Size  Location     Type
		None
 Auto vars:     Size  Location     Type
		None
 Return value:  Size  Location     Type
		None               void
 Registers used:
		wreg, fsr2l, fsr2h, status,2, status,0, prodl, prodh
 Tracked objects:
		On entry : 
		On exit  : 
		Unchanged: 
 Data sizes:     COMRAM   BANK0   BANK1   BANK2
      Params:         0       0       0       0
      Locals:         0       0       0       0
      Temps:         14       0       0       0
      Totals:        14       0       0       0
Total ram usage:       14 bytes
 Hardware stack levels used:    1
 This function calls:
		Nothing
 This function is called by:
		Interrupt level 2
 This function uses a non-reentrant model



MODULE INFORMATION

Module		Function		Class		Link	Load	Size
C:\Program Files (x86)\Microchip\xc8\v1.35\sources\common\awdiv.c
		___awdiv       		CODE           	0872	0000	133

C:\Program Files (x86)\Microchip\xc8\v1.35\sources\common\awdiv.c estimated size: 133

dc_motor.c
		_fullSpeedAhead		CODE           	08F6	0000	113
		_turnLeft      		CODE           	0A78	0000	75
		_stop          		CODE           	07E2	0000	145
		_turnRight     		CODE           	0A2E	0000	75
		_initMotorPWM  		CODE           	0AFA	0000	51
		_setMotorPWM   		CODE           	05FA	0000	309

dc_motor.c estimated size: 768

IR_Reading.c
		_grabLeftIR    		CODE           	09CA	0000	101
		_grabRightIR   		CODE           	0966	0000	101
		_enableSensor  		CODE           	0B52	0000	39
		_initIR        		CODE           	0B98	0000	31

IR_Reading.c estimated size: 272

shared
		__initialization		CODE           	0BB6	0000	15

shared estimated size: 15

C:\Program Files (x86)\Microchip\xc8\v1.35\sources\common\Umul16.c
		___wmul        		CODE           	0B2C	0000	39

C:\Program Files (x86)\Microchip\xc8\v1.35\sources\common\Umul16.c estimated size: 39

RFID_Reader.c
		_VerifySignal  		CODE           	072E	0000	181
		_initRFID      		CODE           	0B78	0000	33

RFID_Reader.c estimated size: 214

main.c
		_main          		CODE           	042A	0000	465
		_InterruptHandlerHigh		CODE           	0008	0000	161

main.c estimated size: 626

Movement.c
		_delay_tenth_s 		CODE           	0AC2	0000	57
		_ScanWithRange 		CODE           	00AC	0000	895

Movement.c estimated size: 952

